  Thu Sep 14 17:19:23 2017 for program dsretc

     Sakhalin Island: 1990 NEIC/QED solution
     Input: Trend, Plunge of P,T    269.00    13.00   171.00    30.00
     Dip,Strike,Rake     78.81   217.07   148.41
     Dip,Strike,Rake     59.08   313.87    13.07   Auxiliary Plane
     Lower Hem. Trend, Plunge of A,N    223.87    30.92   127.07    11.19
     Lower Hem. Trend & Plunge of B     19.56    56.68
     Lower Hem. Trend, Plunge of P,T    268.87    13.07   171.16    30.04
     MRR = 0.20  MTT = 0.73  MPP =-0.93  MRT =-0.42  MRP =-0.29  MTP = 0.13
     Angle:     20.68
                                           
                                           
                    #######                
               #################           
             ####################-         
           -----###############-----       
         ------------########---------     
        ----------------###------------    
        -----------------#-------------    
       -----------------####------------   
       -   -----------########----------   
       - P ----------##########---------   
       -   ---------############--------   
       -----------###############-------   
        ---------#################-----    
        --------###################----    
         ------#########   ########---     
           ---########## T #########       
             -##########   #######         
               #################           
                    #######                
                                           
