  Fri Sep  8 15:00:06 2017 for program Focmec
 Sakhalin: 8 BB stations data  QED sol. fixed
 Input from a file focmec_8sta.inp
 12-MAY-90 Sakhalin Island event:  161221 disp picks

 Statn  Azimuth    TOA   Key  Log10 Ratio  NumPol  DenTOA  Comment
  BLA     32.6     28.1   D                                
  BLA     32.6     31.0   R                                
  BLA     32.6     31.0   F                                
  CCM     39.7     30.6   D                                
  CCM     39.7     33.2   R                                
  COR     54.7     40.8   D                                
  COR     54.7     42.5   R                                
  COR     54.7     42.5   B                                
  HRV     24.2     29.2   D                                
  HRV     24.2     32.0   R                                
  HRV     24.2     32.0   F                                
  KEV    336.5     45.2   D                                
  KEV    336.5     46.4   L                                
  KEV    336.5     46.4   B                                
  KIP     97.8     44.0   C                                
  KIP     97.8     45.4   R                                
  KIP     97.8     45.4   B                                
  PAS     59.8     35.7   D                                
  PAS     59.8     37.9   R                                
  PAS     59.8     37.9   B                                
  TOL    334.5     28.0   D                                
  TOL    334.5     30.9   L                                
  TOL    334.5     30.9   F                                
  BLA     44.8     31.0   H      0.8847 SH    R      28.06  -119100.0,-18450.0,500,1000,0.03,0
  COR     54.7     42.5   H      1.1785 SH    R      40.75  -227400.0,-15830.0,500,1000,0.03,0
  HRV     24.2     32.0   H      0.6013 SH    R      29.25  -85120.0,-25080.0,500,1000,0.03,0.
  KEV    336.5     46.4   H      0.3287 SH    L      45.20  95680.0,-44900.0,500,1000,0.03,0.0
  KIP     97.8     45.4   H      0.8291 SH    R      44.05  -138800.0,20840.0,500,1000,0.03,0.
  KIP     97.8     45.4   V      0.8033 SV    B      44.05  -131700.0,20840.0,500,1000,0.03,0.
  PAS     59.8     37.9   H      1.0783 SH    R      35.68  -140400.0,-12980.0,500,1000,0.03,0
  TOL    334.5     30.9   H      0.2576 SH    L      28.00  47310.0,-31070.0,500,1000,0.03,0.0
  TOL    334.5     30.9   S     -0.2762 SS    F      30.90  1013.0,2103.0
  HRV     24.2     32.0   S     -0.4283 SS    F      31.95  2619.0,-7748.0
  KEV    336.5     46.4   S     -0.0830 SS    B      46.37  -3618.0,4124.0
   8 P Pol.  7 SV Pol.  8 SH Pol.  20 allowed  errors
 11 ratios, maximum of 10 with |o-c| diff >  0.9000    Focus VP/VS: 1.8225
For ratios,  0.100 = P radiation cutoff  0.100 = S radiation cutoff
 FLAG is NUM, DEN, N&D if n, d, both below curoff
 If FLAG N&D, total ratios used decreased by 1
 The minimum, increment and maximum B axis trend:    19.56    5.00   19.56
 The limits for the B axis plunge:    56.68    5.00   56.68
 The limits for Angle:    20.68    5.00   20.68
 ++++++++++++++++++++++++++++++++++++++++++++++++++++++++++++++++++++++++++++

     Dip,Strike,Rake     59.07   313.87    13.07
     Dip,Strike,Rake     78.81   217.07   148.41   Auxiliary Plane
     Lower Hem. Trend, Plunge of A,N    127.07    11.19   223.87    30.93
     Lower Hem. Trend, Plunge of P,T    268.87    13.07   171.15    30.04
     B trend, B plunge, Angle:   19.56  56.68  20.68

 P Polarity error at  BLA  CCM  HRV 
 P Polarity weights:  1.00 1.00 1.00
  Total P polarity weight is  3.000   Total number:   3

 SV Polarity error at  COR  KIP  PAS 
 SV Polarity weights:  1.00 1.00 1.00
  Total SV polarity weight is  3.000  Total number:   3

 SH Polarity error at  BLA  CCM  COR  HRV  KEV  PAS  TOL 
 SH Polarity weights:  1.00 1.00 1.00 1.00 1.00 1.00 1.00
  Total SH polarity weight is  7.000  Total number:   7

          Log10(Ratio)                              Ratio     S Polarity
     Observed  Calculated    Difference  Station     Type     Obs.  Calc. Flag
      0.8847                              #BLA        SH       R      R    N&D
      1.1785      0.8316       0.3469      COR        SH       R      L       
      0.6013                              #HRV        SH       R      L    N&D
      0.3287      1.3467      -1.0180     *KEV        SH       L      R       
      0.8291      1.4965      -0.6674      KIP        SH       R      R    DEN
      0.8033      1.5112      -0.7079      KIP        SV       B      F    DEN
      1.0783                              #PAS        SH       R      L    N&D
      0.2576      1.1604      -0.9028     *TOL        SH       L      R       
     -0.2762     -0.5498       0.2736      TOL        SS       F      F    NUM
     -0.4283                              #HRV        SS       F      F    N&D
     -0.0830     -0.3272       0.2442      KEV        SS       B      B       

Total number of ratios used is   5
RMS error for the  7 acceptable solutions is 0.4902
  Highest absolute velue of diff for those solutions is  0.7079
++++++++++++++++++++++++++++++++++++++++++++++++++++++++++++++++++++++++++++++++


 There are   1 acceptable solutions
