  Sat Sep  9 15:26:30 2017 for program Focplt
 Input from file focmec_8sta.inp
     1
 Statn  Azimuth  TOAngl  Key  Log10 Ratio     Pol  TOAng2  Comment
BLA    32.62   28.06D
CCM    39.74   30.63D
COR    54.65   40.75D
HRV    24.22   29.25D
KEV   336.55   45.20D
KIP    97.84   44.05C
PAS    59.83   35.68D
TOL   334.45   28.00D
 Plotting P nodal planes
 
 
     Dip,Strike,Rake     76.43    59.08   -64.23
     Dip,Strike,Rake     28.91   175.00  -150.96   Auxiliary Plane
     Lower Hem. Trend, Plunge of A,N     85.00    61.09   329.08    13.57
     Lower Hem. Trend & Plunge of B    232.62    25.00
     Lower Hem. Trend, Plunge of P,T    358.83    51.71   128.91    26.94
     MRR =-0.41  MTT =-0.07  MPP = 0.48  MRT =-0.74  MRP =-0.32  MTP = 0.38
 Plotting P nodal planes
 
 
     Dip,Strike,Rake     77.05    54.08   -59.13
     Dip,Strike,Rake     33.23   164.63  -155.86   Auxiliary Plane
     Lower Hem. Trend, Plunge of A,N     74.63    56.77   324.08    12.95
     Lower Hem. Trend & Plunge of B    226.45    30.00
     Lower Hem. Trend, Plunge of P,T    357.34    48.59   120.35    25.66
     MRR =-0.37  MTT =-0.23  MPP = 0.60  MRT =-0.69  MRP =-0.36  MTP = 0.33
 Plotting P nodal planes
 
 
     Dip,Strike,Rake     79.05    62.39   -65.53
     Dip,Strike,Rake     26.67   175.05  -154.96   Auxiliary Plane
     Lower Hem. Trend, Plunge of A,N     85.05    63.33   332.39    10.95
     Lower Hem. Trend & Plunge of B    237.45    24.00
     Lower Hem. Trend, Plunge of P,T    359.51    50.01   132.66    29.84
     MRR =-0.34  MTT =-0.07  MPP = 0.41  MRT =-0.78  MRP =-0.32  MTP = 0.37
