  Thu Sep 14 15:50:18 2017 for program dsretc

     Consistency for representations in Herrmann (1975) example
     Input: Trend, Plunge of P,T     75.90     6.60   192.70    75.60
     Dip,Strike,Rake     52.87   334.55    73.94
     Dip,Strike,Rake     39.99   180.04   110.07   Auxiliary Plane
     Lower Hem. Trend, Plunge of A,N     90.04    50.01   244.55    37.13
     Lower Hem. Trend & Plunge of B    344.40    12.74
     Lower Hem. Trend, Plunge of P,T     75.90     6.60   192.69    75.60
     MRR = 0.92  MTT = 0.00  MPP =-0.93  MRT =-0.26  MRP = 0.16  MTP = 0.22
     Angle:     51.77
                                           
                                           
                    ###----                
               ---##------------           
             ------##-------------         
           ------#######------------       
         -------##########------------     
        -------############------------    
        -------#############---------      
       -------###############-------- P    
       -------################-------      
       -------#######   #######---------   
       -------####### T ########--------   
       -------#######   ########--------   
        -------#################-------    
        -------#################-------    
         -------################------     
           ------###############----       
             ------#############--         
               -----###########-           
                    ---####                
                                           
