  Mon May 29 18:00:05 2017 for program Focmec
 Event 8703270729 1 UW error max, no emergent arrivals
 Input from a file 8703270729.inp
 Chapman et al. 1997 Event 12: 8703270729305.  Emergent coded

 Statn  Azimuth    TOA   Key  Log10 Ratio  NumPol  DenTOA  Comment
  GBTN     9.0    148.0   C                                iP
  ETT    218.0    118.0   D                                 P
  ORT    350.0    114.0   C                                iP
  TKL     76.0    109.0   C                                iP
  TQTN   264.0    110.0   D                                 P
  WSSR   118.0    102.0   C                                iP
  BHT    296.0    101.0   +                                eP
 Not including emergent polarity picks
  WMTN   243.0    100.0   D                                 P
  CRTN    26.0     99.0   D                                iP
  RHT    228.0     99.0   D                                ip
  LMTN    64.0     98.0   D                                iP
  BBG    153.0     98.0   C                                 P
  GMG    207.0     97.0   D                                 P
  ONTN   349.0     96.0   C                                iP
  ANTN   307.0     80.0   C                                iP
  RCG    238.0     80.0   D                                iP 4
  CPO    272.0     80.0   D                                ip 4
  CCVA    24.0     80.0   D                                 P
  SMTN    46.0     80.0   -                                eP
  BRTN    54.0     80.0   -                                eP
  PDTN   258.0     80.0   D                                 P
  LKGA   228.0     80.0   D                                 P
  ABTN   282.0     80.0   C                                 P
  TRYN   101.0     80.0   C                                ip 4
  SLTN    62.0     53.0   -                                eP
  GFM     74.0     53.0   -                                eP
  BENN    89.0     53.0   -                                eP
  MSAL   251.0     53.0   -                                eP
  SHTN   268.0     53.0   -                                eP
  SOKY   325.0     53.0   -                                eP
  PKNC    78.0     53.0   -                                eP
  PLVA    65.0     53.0   -                                eP
  PKKY    18.0     53.0   D                                iP 4
  PWLA   261.0     53.0   +                                eP
  MOTN   290.0     53.0   +                                eP
  HWV     52.0     53.0   +                                eP
  VWV     57.0     53.0   +                                eP 4
 Polarities/Errors:  P 022/01  SV 000/00  SH 000/00
 There are no amplitude ratio data
 The minimum, increment and maximum B axis trend:     0.00    5.00  355.00
 The limits for the B axis plunge:     0.00    5.00   90.00
 The limits for Angle:     0.00    5.00  175.00
 ++++++++++++++++++++++++++++++++++++++++++++++++++++++++++++++++++++++++++++

     Dip,Strike,Rake     21.09   125.71    44.01
     Dip,Strike,Rake     75.52   353.68   105.50   Auxiliary Plane
     Lower Hem. Trend, Plunge of A,N    263.68    14.48    35.71    68.91
     Lower Hem. Trend, Plunge of P,T     71.22    28.88   283.86    56.77
     B trend, B plunge, Angle:  169.71  15.00  15.00

 P Polarity error at  TRYN
 P Polarity weights:  1.00
  Total P polarity weight is  1.000   Total number:   1
 +++++++++++++++++++++++++++++++++++++++++++++++++++++++++++++++++++++++++++++

     Dip,Strike,Rake     85.17   276.42    74.95
     Dip,Strike,Rake     15.79   169.04   161.98   Auxiliary Plane
     Lower Hem. Trend, Plunge of A,N     79.04    74.21   186.42     4.83
     Lower Hem. Trend, Plunge of P,T     19.97    38.38   170.57    47.73
     B trend, B plunge, Angle:  277.71  15.00  85.00

 P Polarity error at  BBG 
 P Polarity weights:  1.00
  Total P polarity weight is  1.000   Total number:   1
 +++++++++++++++++++++++++++++++++++++++++++++++++++++++++++++++++++++++++++++

     Dip,Strike,Rake     24.81   117.49    35.42
     Dip,Strike,Rake     75.92   354.65   110.65   Auxiliary Plane
     Lower Hem. Trend, Plunge of A,N    264.65    14.08    27.49    65.19
     Lower Hem. Trend, Plunge of P,T     68.24    28.02   290.05    54.47
     B trend, B plunge, Angle:  169.41  20.00  15.00

 P Polarity error at  TRYN
 P Polarity weights:  1.00
  Total P polarity weight is  1.000   Total number:   1
 +++++++++++++++++++++++++++++++++++++++++++++++++++++++++++++++++++++++++++++

     Dip,Strike,Rake     90.00   275.29    70.00
     Dip,Strike,Rake     20.00   185.29   180.00   Auxiliary Plane
     Lower Hem. Trend, Plunge of A,N     95.29    70.00     5.29     0.00
     Lower Hem. Trend, Plunge of P,T     24.18    41.64   166.41    41.64
     B trend, B plunge, Angle:  275.29  20.00  90.00

 P Polarity error at  CRTN
 P Polarity weights:  1.00
  Total P polarity weight is  1.000   Total number:   1
 +++++++++++++++++++++++++++++++++++++++++++++++++++++++++++++++++++++++++++++

     Dip,Strike,Rake     85.30    97.01   -69.93
     Dip,Strike,Rake     20.59   199.64  -166.53   Auxiliary Plane
     Lower Hem. Trend, Plunge of A,N    109.64    69.41     7.01     4.70
     Lower Hem. Trend, Plunge of P,T     27.47    46.04   169.28    37.16
     B trend, B plunge, Angle:  275.29  20.00  95.00

 P Polarity error at  CRTN
 P Polarity weights:  1.00
  Total P polarity weight is  1.000   Total number:   1
 +++++++++++++++++++++++++++++++++++++++++++++++++++++++++++++++++++++++++++++

     Dip,Strike,Rake     85.30   278.87    69.93
     Dip,Strike,Rake     20.59   176.24   166.53   Auxiliary Plane
     Lower Hem. Trend, Plunge of A,N     86.24    69.41   188.87     4.70
     Lower Hem. Trend, Plunge of P,T     26.60    37.16   168.41    46.04
     B trend, B plunge, Angle:  280.59  20.00  85.00

 P Polarity error at  TKL 
 P Polarity weights:  1.00
  Total P polarity weight is  1.000   Total number:   1
 +++++++++++++++++++++++++++++++++++++++++++++++++++++++++++++++++++++++++++++

     Dip,Strike,Rake     90.00   280.59    70.00
     Dip,Strike,Rake     20.00   190.59   180.00   Auxiliary Plane
     Lower Hem. Trend, Plunge of A,N    100.59    70.00    10.59     0.00
     Lower Hem. Trend, Plunge of P,T     29.47    41.64   171.71    41.64
     B trend, B plunge, Angle:  280.59  20.00  90.00

 P Polarity error at  CRTN
 P Polarity weights:  1.00
  Total P polarity weight is  1.000   Total number:   1
 +++++++++++++++++++++++++++++++++++++++++++++++++++++++++++++++++++++++++++++

     Dip,Strike,Rake     28.90   114.07    29.03
     Dip,Strike,Rake     76.43   358.15   115.77   Auxiliary Plane
     Lower Hem. Trend, Plunge of A,N    268.15    13.57    24.07    61.10
     Lower Hem. Trend, Plunge of P,T     67.98    26.95   297.90    51.71
     B trend, B plunge, Angle:  171.69  25.00  15.00

 P Polarity error at  TRYN
 P Polarity weights:  1.00
  Total P polarity weight is  1.000   Total number:   1
 +++++++++++++++++++++++++++++++++++++++++++++++++++++++++++++++++++++++++++++

     Dip,Strike,Rake     85.47   274.81    64.92
     Dip,Strike,Rake     25.46   175.23   169.41   Auxiliary Plane
     Lower Hem. Trend, Plunge of A,N     85.23    64.54   184.81     4.53
     Lower Hem. Trend, Plunge of P,T     26.45    35.63   160.19    43.97
     B trend, B plunge, Angle:  276.92  25.00  85.00

 P Polarity error at  TKL 
 P Polarity weights:  1.00
  Total P polarity weight is  1.000   Total number:   1
 +++++++++++++++++++++++++++++++++++++++++++++++++++++++++++++++++++++++++++++

     Dip,Strike,Rake     80.95   278.20    64.66
     Dip,Strike,Rake     26.81   169.81   159.58   Auxiliary Plane
     Lower Hem. Trend, Plunge of A,N     79.81    63.19   188.20     9.05
     Lower Hem. Trend, Plunge of P,T     28.95    31.32   161.35    47.94
     B trend, B plunge, Angle:  282.46  25.00  80.00

 P Polarity error at  TKL 
 P Polarity weights:  1.00
  Total P polarity weight is  1.000   Total number:   1
 +++++++++++++++++++++++++++++++++++++++++++++++++++++++++++++++++++++++++++++

     Dip,Strike,Rake     85.47   280.34    64.92
     Dip,Strike,Rake     25.46   180.77   169.41   Auxiliary Plane
     Lower Hem. Trend, Plunge of A,N     90.77    64.54   190.34     4.53
     Lower Hem. Trend, Plunge of P,T     31.99    35.63   165.73    43.97
     B trend, B plunge, Angle:  282.46  25.00  85.00

 P Polarity error at  TKL 
 P Polarity weights:  1.00
  Total P polarity weight is  1.000   Total number:   1
 +++++++++++++++++++++++++++++++++++++++++++++++++++++++++++++++++++++++++++++

     Dip,Strike,Rake     31.47   109.43    16.74
     Dip,Strike,Rake     81.35     5.04   120.38   Auxiliary Plane
     Lower Hem. Trend, Plunge of A,N    275.04     8.65    19.43    58.53
     Lower Hem. Trend, Plunge of P,T     70.70    29.78   305.53    45.19
     B trend, B plunge, Angle:  180.00  30.00  10.00

 P Polarity error at  TRYN
 P Polarity weights:  1.00
  Total P polarity weight is  1.000   Total number:   1
 +++++++++++++++++++++++++++++++++++++++++++++++++++++++++++++++++++++++++++++

     Dip,Strike,Rake     30.38   111.54     8.58
     Dip,Strike,Rake     85.67    14.12   120.09   Auxiliary Plane
     Lower Hem. Trend, Plunge of A,N    284.12     4.33    21.54    59.62
     Lower Hem. Trend, Plunge of P,T     78.85    33.83   312.40    41.56
     B trend, B plunge, Angle:  191.61  30.00   5.00

 P Polarity error at  TRYN
 P Polarity weights:  1.00
  Total P polarity weight is  1.000   Total number:   1
 +++++++++++++++++++++++++++++++++++++++++++++++++++++++++++++++++++++++++++++

     Dip,Strike,Rake     90.00   272.90    60.00
     Dip,Strike,Rake     30.00   182.90   180.00   Auxiliary Plane
     Lower Hem. Trend, Plunge of A,N     92.90    60.00     2.90     0.00
     Lower Hem. Trend, Plunge of P,T     29.47    37.76   156.34    37.76
     B trend, B plunge, Angle:  272.90  30.00  90.00

 P Polarity error at  TKL 
 P Polarity weights:  1.00
  Total P polarity weight is  1.000   Total number:   1
 +++++++++++++++++++++++++++++++++++++++++++++++++++++++++++++++++++++++++++++

     Dip,Strike,Rake     81.35   273.67    59.62
     Dip,Strike,Rake     31.47   169.28   163.26   Auxiliary Plane
     Lower Hem. Trend, Plunge of A,N     79.28    58.53   183.67     8.65
     Lower Hem. Trend, Plunge of P,T     28.01    29.78   153.18    45.19
     B trend, B plunge, Angle:  278.71  30.00  80.00

 P Polarity error at  TKL 
 P Polarity weights:  1.00
  Total P polarity weight is  1.000   Total number:   1
 +++++++++++++++++++++++++++++++++++++++++++++++++++++++++++++++++++++++++++++

     Dip,Strike,Rake     85.67   276.20    59.91
     Dip,Strike,Rake     30.38   178.78   171.42   Auxiliary Plane
     Lower Hem. Trend, Plunge of A,N     88.78    59.62   186.20     4.33
     Lower Hem. Trend, Plunge of P,T     31.47    33.83   157.92    41.56
     B trend, B plunge, Angle:  278.71  30.00  85.00

 P Polarity error at  TKL 
 P Polarity weights:  1.00
  Total P polarity weight is  1.000   Total number:   1
 +++++++++++++++++++++++++++++++++++++++++++++++++++++++++++++++++++++++++++++

     Dip,Strike,Rake     90.00   278.71    60.00
     Dip,Strike,Rake     30.00   188.71   180.00   Auxiliary Plane
     Lower Hem. Trend, Plunge of A,N     98.71    60.00     8.71     0.00
     Lower Hem. Trend, Plunge of P,T     35.27    37.76   162.14    37.76
     B trend, B plunge, Angle:  278.71  30.00  90.00

 P Polarity error at  TKL 
 P Polarity weights:  1.00
  Total P polarity weight is  1.000   Total number:   1
 +++++++++++++++++++++++++++++++++++++++++++++++++++++++++++++++++++++++++++++

     Dip,Strike,Rake     77.05   276.89    59.13
     Dip,Strike,Rake     33.23   166.33   155.85   Auxiliary Plane
     Lower Hem. Trend, Plunge of A,N     76.33    56.77   186.89    12.95
     Lower Hem. Trend, Plunge of P,T     30.62    25.66   153.62    48.59
     B trend, B plunge, Angle:  284.52  30.00  75.00

 P Polarity error at  TKL 
 P Polarity weights:  1.00
  Total P polarity weight is  1.000   Total number:   1
 +++++++++++++++++++++++++++++++++++++++++++++++++++++++++++++++++++++++++++++

     Dip,Strike,Rake     81.35   279.48    59.62
     Dip,Strike,Rake     31.47   175.09   163.26   Auxiliary Plane
     Lower Hem. Trend, Plunge of A,N     85.09    58.53   189.48     8.65
     Lower Hem. Trend, Plunge of P,T     33.81    29.78   158.99    45.19
     B trend, B plunge, Angle:  284.52  30.00  80.00

 P Polarity error at  TKL 
 P Polarity weights:  1.00
  Total P polarity weight is  1.000   Total number:   1
 +++++++++++++++++++++++++++++++++++++++++++++++++++++++++++++++++++++++++++++

     Dip,Strike,Rake     85.91   271.70    54.90
     Dip,Strike,Rake     35.31   175.90   172.90   Auxiliary Plane
     Lower Hem. Trend, Plunge of A,N     85.90    54.69   181.70     4.09
     Lower Hem. Trend, Plunge of P,T     30.28    31.77   150.22    38.87
     B trend, B plunge, Angle:  274.58  35.00  85.00

 P Polarity error at  TKL 
 P Polarity weights:  1.00
  Total P polarity weight is  1.000   Total number:   1
 +++++++++++++++++++++++++++++++++++++++++++++++++++++++++++++++++++++++++++++

     Dip,Strike,Rake     90.00   274.58    55.00
     Dip,Strike,Rake     35.00   184.58   180.00   Auxiliary Plane
     Lower Hem. Trend, Plunge of A,N     94.58    55.00     4.58     0.00
     Lower Hem. Trend, Plunge of P,T     34.41    35.40   154.74    35.40
     B trend, B plunge, Angle:  274.58  35.00  90.00

 P Polarity error at  TKL 
 P Polarity weights:  1.00
  Total P polarity weight is  1.000   Total number:   1
 +++++++++++++++++++++++++++++++++++++++++++++++++++++++++++++++++++++++++++++

     Dip,Strike,Rake     77.76   271.94    54.06
     Dip,Strike,Rake     37.70   165.64   159.71   Auxiliary Plane
     Lower Hem. Trend, Plunge of A,N     75.64    52.30   181.94    12.24
     Lower Hem. Trend, Plunge of P,T     29.00    24.18   145.87    45.19
     B trend, B plunge, Angle:  280.68  35.00  75.00

 P Polarity error at  TKL 
 P Polarity weights:  1.00
  Total P polarity weight is  1.000   Total number:   1
 +++++++++++++++++++++++++++++++++++++++++++++++++++++++++++++++++++++++++++++

     Dip,Strike,Rake     81.82   274.90    54.59
     Dip,Strike,Rake     36.22   173.59   166.07   Auxiliary Plane
     Lower Hem. Trend, Plunge of A,N     83.59    53.78   184.90     8.18
     Lower Hem. Trend, Plunge of P,T     32.56    28.02   151.36    42.15
     B trend, B plunge, Angle:  280.68  35.00  80.00

 P Polarity error at  TKL 
 P Polarity weights:  1.00
  Total P polarity weight is  1.000   Total number:   1
 +++++++++++++++++++++++++++++++++++++++++++++++++++++++++++++++++++++++++++++

     Dip,Strike,Rake     85.91   277.81    54.90
     Dip,Strike,Rake     35.31   182.01   172.90   Auxiliary Plane
     Lower Hem. Trend, Plunge of A,N     92.01    54.69   187.81     4.09
     Lower Hem. Trend, Plunge of P,T     36.38    31.77   156.32    38.87
     B trend, B plunge, Angle:  280.68  35.00  85.00

 P Polarity error at  TKL 
 P Polarity weights:  1.00
  Total P polarity weight is  1.000   Total number:   1
 +++++++++++++++++++++++++++++++++++++++++++++++++++++++++++++++++++++++++++++

     Dip,Strike,Rake     90.00   280.68    55.00
     Dip,Strike,Rake     35.00   190.68   180.00   Auxiliary Plane
     Lower Hem. Trend, Plunge of A,N    100.68    55.00    10.68     0.00
     Lower Hem. Trend, Plunge of P,T     40.52    35.40   160.84    35.40
     B trend, B plunge, Angle:  280.68  35.00  90.00

 P Polarity error at  TKL 
 P Polarity weights:  1.00
  Total P polarity weight is  1.000   Total number:   1
 +++++++++++++++++++++++++++++++++++++++++++++++++++++++++++++++++++++++++++++

     Dip,Strike,Rake     73.73   274.99    53.31
     Dip,Strike,Rake     39.67   164.38   153.97   Auxiliary Plane
     Lower Hem. Trend, Plunge of A,N     74.38    50.33   184.99    16.27
     Lower Hem. Trend, Plunge of P,T     31.75    20.25   145.89    47.94
     B trend, B plunge, Angle:  286.78  35.00  70.00

 P Polarity error at  TKL 
 P Polarity weights:  1.00
  Total P polarity weight is  1.000   Total number:   1
 +++++++++++++++++++++++++++++++++++++++++++++++++++++++++++++++++++++++++++++

     Dip,Strike,Rake     77.76   278.04    54.06
     Dip,Strike,Rake     37.70   171.74   159.71   Auxiliary Plane
     Lower Hem. Trend, Plunge of A,N     81.74    52.30   188.04    12.24
     Lower Hem. Trend, Plunge of P,T     35.10    24.18   151.97    45.19
     B trend, B plunge, Angle:  286.78  35.00  75.00

 P Polarity error at  TKL 
 P Polarity weights:  1.00
  Total P polarity weight is  1.000   Total number:   1
 +++++++++++++++++++++++++++++++++++++++++++++++++++++++++++++++++++++++++++++

     Dip,Strike,Rake     69.75   277.91    52.31
     Dip,Strike,Rake     42.06   163.77   148.89   Auxiliary Plane
     Lower Hem. Trend, Plunge of A,N     73.77    47.94   187.91    20.25
     Lower Hem. Trend, Plunge of P,T     34.67    16.27   145.28    50.33
     B trend, B plunge, Angle:  292.88  35.00  65.00

 P Polarity error at  TKL 
 P Polarity weights:  1.00
  Total P polarity weight is  1.000   Total number:   1
 +++++++++++++++++++++++++++++++++++++++++++++++++++++++++++++++++++++++++++++

     Dip,Strike,Rake     60.50    83.98   -42.39
     Dip,Strike,Rake     54.07   198.18  -142.55   Auxiliary Plane
     Lower Hem. Trend, Plunge of A,N    108.18    35.93   353.98    29.50
     Lower Hem. Trend, Plunge of P,T     47.89    49.74   142.42     3.83
     B trend, B plunge, Angle:  235.64  40.00 130.00

 P Polarity error at  CPO 
 P Polarity weights:  1.00
  Total P polarity weight is  1.000   Total number:   1
 +++++++++++++++++++++++++++++++++++++++++++++++++++++++++++++++++++++++++++++

     Dip,Strike,Rake     67.48    82.54   -45.90
     Dip,Strike,Rake     48.44   194.11  -149.21   Auxiliary Plane
     Lower Hem. Trend, Plunge of A,N    104.11    41.56   352.54    22.52
     Lower Hem. Trend, Plunge of P,T     39.55    47.73   142.41    11.44
     B trend, B plunge, Angle:  242.18  40.00 120.00

 P Polarity error at  CPO 
 P Polarity weights:  1.00
  Total P polarity weight is  1.000   Total number:   1
 +++++++++++++++++++++++++++++++++++++++++++++++++++++++++++++++++++++++++++++

     Dip,Strike,Rake     82.36    94.83   -49.57
     Dip,Strike,Rake     41.03   193.70  -168.31   Auxiliary Plane
     Lower Hem. Trend, Plunge of A,N    103.70    48.97     4.83     7.64
     Lower Hem. Trend, Plunge of P,T     40.92    38.87   154.13    26.06
     B trend, B plunge, Angle:  268.36  40.00 100.00

 P Polarity error at  TKL 
 P Polarity weights:  1.00
  Total P polarity weight is  1.000   Total number:   1
 +++++++++++++++++++++++++++++++++++++++++++++++++++++++++++++++++++++++++++++

     Dip,Strike,Rake     86.17   271.69    49.89
     Dip,Strike,Rake     40.26   177.16   174.07   Auxiliary Plane
     Lower Hem. Trend, Plunge of A,N     87.16    49.74   181.69     3.83
     Lower Hem. Trend, Plunge of P,T     33.25    29.50   147.46    35.93
     B trend, B plunge, Angle:  274.91  40.00  85.00

 P Polarity error at  TKL 
 P Polarity weights:  1.00
  Total P polarity weight is  1.000   Total number:   1
 +++++++++++++++++++++++++++++++++++++++++++++++++++++++++++++++++++++++++++++

     Dip,Strike,Rake     90.00   274.91    50.00
     Dip,Strike,Rake     40.00   184.91   180.00   Auxiliary Plane
     Lower Hem. Trend, Plunge of A,N     94.91    50.00     4.91     0.00
     Lower Hem. Trend, Plunge of P,T     37.64    32.80   152.18    32.80
     B trend, B plunge, Angle:  274.91  40.00  90.00

 P Polarity error at  TKL 
 P Polarity weights:  1.00
  Total P polarity weight is  1.000   Total number:   1
 +++++++++++++++++++++++++++++++++++++++++++++++++++++++++++++++++++++++++++++

     Dip,Strike,Rake     86.17    98.13   -49.89
     Dip,Strike,Rake     40.26   192.66  -174.07   Auxiliary Plane
     Lower Hem. Trend, Plunge of A,N    102.66    49.74     8.13     3.83
     Lower Hem. Trend, Plunge of P,T     42.36    35.93   156.57    29.50
     B trend, B plunge, Angle:  274.91  40.00  95.00

 P Polarity error at  TKL 
 P Polarity weights:  1.00
  Total P polarity weight is  1.000   Total number:   1
 +++++++++++++++++++++++++++++++++++++++++++++++++++++++++++++++++++++++++++++

     Dip,Strike,Rake     78.56   271.68    49.02
     Dip,Strike,Rake     42.27   168.83   162.86   Auxiliary Plane
     Lower Hem. Trend, Plunge of A,N     78.83    47.73   181.68    11.44
     Lower Hem. Trend, Plunge of P,T     31.82    22.52   143.38    41.56
     B trend, B plunge, Angle:  281.45  40.00  75.00

 P Polarity error at  TKL 
 P Polarity weights:  1.00
  Total P polarity weight is  1.000   Total number:   1
 +++++++++++++++++++++++++++++++++++++++++++++++++++++++++++++++++++++++++++++

     Dip,Strike,Rake     82.36   274.99    49.57
     Dip,Strike,Rake     41.03   176.11   168.31   Auxiliary Plane
     Lower Hem. Trend, Plunge of A,N     86.11    48.97   184.99     7.64
     Lower Hem. Trend, Plunge of P,T     35.69    26.06   148.90    38.87
     B trend, B plunge, Angle:  281.45  40.00  80.00

 P Polarity error at  TKL 
 P Polarity weights:  1.00
  Total P polarity weight is  1.000   Total number:   1
 +++++++++++++++++++++++++++++++++++++++++++++++++++++++++++++++++++++++++++++

     Dip,Strike,Rake     86.17   278.24    49.89
     Dip,Strike,Rake     40.26   183.70   174.07   Auxiliary Plane
     Lower Hem. Trend, Plunge of A,N     93.70    49.74   188.24     3.83
     Lower Hem. Trend, Plunge of P,T     39.80    29.50   154.00    35.93
     B trend, B plunge, Angle:  281.45  40.00  85.00

 P Polarity error at  TKL 
 P Polarity weights:  1.00
  Total P polarity weight is  1.000   Total number:   1
 +++++++++++++++++++++++++++++++++++++++++++++++++++++++++++++++++++++++++++++

     Dip,Strike,Rake     74.81   274.83    48.24
     Dip,Strike,Rake     43.96   168.48   157.82   Auxiliary Plane
     Lower Hem. Trend, Plunge of A,N     78.48    46.04   184.83    15.19
     Lower Hem. Trend, Plunge of P,T     34.69    18.89   143.96    43.97
     B trend, B plunge, Angle:  288.00  40.00  70.00

 P Polarity error at  TKL 
 P Polarity weights:  1.00
  Total P polarity weight is  1.000   Total number:   1
 +++++++++++++++++++++++++++++++++++++++++++++++++++++++++++++++++++++++++++++

     Dip,Strike,Rake     78.56   278.23    49.02
     Dip,Strike,Rake     42.27   175.37   162.86   Auxiliary Plane
     Lower Hem. Trend, Plunge of A,N     85.37    47.73   188.23    11.44
     Lower Hem. Trend, Plunge of P,T     38.36    22.52   149.93    41.56
     B trend, B plunge, Angle:  288.00  40.00  75.00

 P Polarity error at  TKL 
 P Polarity weights:  1.00
  Total P polarity weight is  1.000   Total number:   1
 +++++++++++++++++++++++++++++++++++++++++++++++++++++++++++++++++++++++++++++

     Dip,Strike,Rake     71.11   277.86    47.21
     Dip,Strike,Rake     46.03   168.59   153.27   Auxiliary Plane
     Lower Hem. Trend, Plunge of A,N     78.59    43.97   187.86    18.89
     Lower Hem. Trend, Plunge of P,T     37.71    15.19   144.07    46.04
     B trend, B plunge, Angle:  294.55  40.00  65.00

 P Polarity error at  TKL 
 P Polarity weights:  1.00
  Total P polarity weight is  1.000   Total number:   1
 +++++++++++++++++++++++++++++++++++++++++++++++++++++++++++++++++++++++++++++

     Dip,Strike,Rake     62.97    83.62   -37.45
     Dip,Strike,Rake     57.20   192.82  -147.27   Auxiliary Plane
     Lower Hem. Trend, Plunge of A,N    102.82    32.80   353.62    27.03
     Lower Hem. Trend, Plunge of P,T     45.89    44.78   139.40     3.53
     B trend, B plunge, Angle:  232.94  45.00 130.00

 P Polarity error at  CPO 
 P Polarity weights:  1.00
  Total P polarity weight is  1.000   Total number:   1
 +++++++++++++++++++++++++++++++++++++++++++++++++++++++++++++++++++++++++++++

     Dip,Strike,Rake     69.30    82.21   -40.89
     Dip,Strike,Rake     52.24   189.23  -153.43   Auxiliary Plane
     Lower Hem. Trend, Plunge of A,N     99.23    37.76   352.21    20.70
     Lower Hem. Trend, Plunge of P,T     39.25    43.08   139.27    10.55
     B trend, B plunge, Angle:  240.00  45.00 120.00

 P Polarity error at  CPO 
 P Polarity weights:  1.00
  Total P polarity weight is  1.000   Total number:   1
 +++++++++++++++++++++++++++++++++++++++++++++++++++++++++++++++++++++++++++++

     Dip,Strike,Rake     82.95    95.34   -44.56
     Dip,Strike,Rake     45.86   192.24  -170.15   Auxiliary Plane
     Lower Hem. Trend, Plunge of A,N    102.24    44.14     5.34     7.05
     Lower Hem. Trend, Plunge of P,T     43.52    35.40   151.89    23.93
     B trend, B plunge, Angle:  268.24  45.00 100.00

 P Polarity error at  TKL 
 P Polarity weights:  1.00
  Total P polarity weight is  1.000   Total number:   1
 +++++++++++++++++++++++++++++++++++++++++++++++++++++++++++++++++++++++++++++

     Dip,Strike,Rake     86.47   271.75    44.89
     Dip,Strike,Rake     45.22   178.24   175.02   Auxiliary Plane
     Lower Hem. Trend, Plunge of A,N     88.24    44.78   181.75     3.53
     Lower Hem. Trend, Plunge of P,T     35.98    27.03   145.17    32.80
     B trend, B plunge, Angle:  275.29  45.00  85.00

 P Polarity error at  TKL 
 P Polarity weights:  1.00
  Total P polarity weight is  1.000   Total number:   1
 +++++++++++++++++++++++++++++++++++++++++++++++++++++++++++++++++++++++++++++

     Dip,Strike,Rake     90.00   275.29    45.00
     Dip,Strike,Rake     45.00   185.29   180.00   Auxiliary Plane
     Lower Hem. Trend, Plunge of A,N     95.29    45.00     5.29     0.00
     Lower Hem. Trend, Plunge of P,T    180.00    90.00   180.00    90.00
     B trend, B plunge, Angle:  275.29  45.00  90.00

 P Polarity error at  TKL 
 P Polarity weights:  1.00
  Total P polarity weight is  1.000   Total number:   1
 +++++++++++++++++++++++++++++++++++++++++++++++++++++++++++++++++++++++++++++

     Dip,Strike,Rake     86.47    98.83   -44.89
     Dip,Strike,Rake     45.22   192.35  -175.02   Auxiliary Plane
     Lower Hem. Trend, Plunge of A,N    102.35    44.78     8.83     3.53
     Lower Hem. Trend, Plunge of P,T     45.41    32.80   154.61    27.03
     B trend, B plunge, Angle:  275.29  45.00  95.00

 P Polarity error at  TKL 
 P Polarity weights:  1.00
  Total P polarity weight is  1.000   Total number:   1
 +++++++++++++++++++++++++++++++++++++++++++++++++++++++++++++++++++++++++++++

     Dip,Strike,Rake     79.45   271.62    44.01
     Dip,Strike,Rake     46.92   171.60   165.49   Auxiliary Plane
     Lower Hem. Trend, Plunge of A,N     81.60    43.08   181.62    10.55
     Lower Hem. Trend, Plunge of P,T     34.56    20.70   141.58    37.76
     B trend, B plunge, Angle:  282.35  45.00  75.00

 P Polarity error at  TKL 
 P Polarity weights:  1.00
  Total P polarity weight is  1.000   Total number:   1
 +++++++++++++++++++++++++++++++++++++++++++++++++++++++++++++++++++++++++++++

     Dip,Strike,Rake     82.95   275.25    44.56
     Dip,Strike,Rake     45.86   178.35   170.15   Auxiliary Plane
     Lower Hem. Trend, Plunge of A,N     88.35    44.14   185.25     7.05
     Lower Hem. Trend, Plunge of P,T     38.69    23.93   147.07    35.40
     B trend, B plunge, Angle:  282.35  45.00  80.00

 P Polarity error at  TKL 
 P Polarity weights:  1.00
  Total P polarity weight is  1.000   Total number:   1
 +++++++++++++++++++++++++++++++++++++++++++++++++++++++++++++++++++++++++++++

     Dip,Strike,Rake     86.47   278.81    44.89
     Dip,Strike,Rake     45.22   185.30   175.02   Auxiliary Plane
     Lower Hem. Trend, Plunge of A,N     95.30    44.78   188.81     3.53
     Lower Hem. Trend, Plunge of P,T     43.04    27.03   152.23    32.80
     B trend, B plunge, Angle:  282.35  45.00  85.00

 P Polarity error at  TKL 
 P Polarity weights:  1.00
  Total P polarity weight is  1.000   Total number:   1
 +++++++++++++++++++++++++++++++++++++++++++++++++++++++++++++++++++++++++++++

     Dip,Strike,Rake     72.61   271.16    42.19
     Dip,Strike,Rake     50.14   166.01   157.09   Auxiliary Plane
     Lower Hem. Trend, Plunge of A,N     76.01    39.86   181.16    17.39
     Lower Hem. Trend, Plunge of P,T     33.84    14.00   136.65    41.64
     B trend, B plunge, Angle:  289.41  45.00  65.00

 P Polarity error at  TKL 
 P Polarity weights:  1.00
  Total P polarity weight is  1.000   Total number:   1
 +++++++++++++++++++++++++++++++++++++++++++++++++++++++++++++++++++++++++++++

     Dip,Strike,Rake     76.00   274.98    43.22
     Dip,Strike,Rake     48.36   172.18   161.12   Auxiliary Plane
     Lower Hem. Trend, Plunge of A,N     82.18    41.64   184.98    14.00
     Lower Hem. Trend, Plunge of P,T     37.66    17.39   142.81    39.86
     B trend, B plunge, Angle:  289.41  45.00  70.00

 P Polarity error at  TKL 
 P Polarity weights:  1.00
  Total P polarity weight is  1.000   Total number:   1
 +++++++++++++++++++++++++++++++++++++++++++++++++++++++++++++++++++++++++++++

     Dip,Strike,Rake     79.45   278.68    44.01
     Dip,Strike,Rake     46.92   178.66   165.49   Auxiliary Plane
     Lower Hem. Trend, Plunge of A,N     88.66    43.08   188.68    10.55
     Lower Hem. Trend, Plunge of P,T     41.62    20.70   148.64    37.76
     B trend, B plunge, Angle:  289.41  45.00  75.00

 P Polarity error at  TKL 
 P Polarity weights:  1.00
  Total P polarity weight is  1.000   Total number:   1
 +++++++++++++++++++++++++++++++++++++++++++++++++++++++++++++++++++++++++++++

     Dip,Strike,Rake     69.30   274.26    40.89
     Dip,Strike,Rake     52.24   167.24   153.43   Auxiliary Plane
     Lower Hem. Trend, Plunge of A,N     77.24    37.76   184.26    20.70
     Lower Hem. Trend, Plunge of P,T     37.20    10.55   137.22    43.08
     B trend, B plunge, Angle:  296.47  45.00  60.00

 P Polarity error at  TKL 
 P Polarity weights:  1.00
  Total P polarity weight is  1.000   Total number:   1
 +++++++++++++++++++++++++++++++++++++++++++++++++++++++++++++++++++++++++++++

     Dip,Strike,Rake     72.61   278.22    42.19
     Dip,Strike,Rake     50.14   173.07   157.09   Auxiliary Plane
     Lower Hem. Trend, Plunge of A,N     83.07    39.86   188.22    17.39
     Lower Hem. Trend, Plunge of P,T     40.90    14.00   143.71    41.64
     B trend, B plunge, Angle:  296.47  45.00  65.00

 P Polarity error at  TKL 
 P Polarity weights:  1.00
  Total P polarity weight is  1.000   Total number:   1
 +++++++++++++++++++++++++++++++++++++++++++++++++++++++++++++++++++++++++++++

     Dip,Strike,Rake     66.07   277.19    39.32
     Dip,Strike,Rake     54.60   168.81   150.16   Auxiliary Plane
     Lower Hem. Trend, Plunge of A,N     78.81    35.40   187.19    23.93
     Lower Hem. Trend, Plunge of P,T     40.64     7.05   137.53    44.14
     B trend, B plunge, Angle:  303.53  45.00  55.00

 P Polarity error at  TKL 
 P Polarity weights:  1.00
  Total P polarity weight is  1.000   Total number:   1
 +++++++++++++++++++++++++++++++++++++++++++++++++++++++++++++++++++++++++++++

     Dip,Strike,Rake     50.18    88.69     4.18
     Dip,Strike,Rake     86.79   356.01   140.11   Auxiliary Plane
     Lower Hem. Trend, Plunge of A,N    266.01     3.21   358.69    39.82
     Lower Hem. Trend, Plunge of P,T     49.44    24.40   304.57    29.50
     B trend, B plunge, Angle:  172.17  50.00   5.00

 P Polarity error at  CPO 
 P Polarity weights:  1.00
  Total P polarity weight is  1.000   Total number:   1
 +++++++++++++++++++++++++++++++++++++++++++++++++++++++++++++++++++++++++++++

     Dip,Strike,Rake     50.00    90.00     0.00
     Dip,Strike,Rake     90.00    -0.00   140.00   Auxiliary Plane
     Lower Hem. Trend, Plunge of A,N     90.00     0.00   360.00    40.00
     Lower Hem. Trend, Plunge of P,T     52.55    27.03   307.45    27.03
     B trend, B plunge, Angle:  180.00  50.00   0.00

 P Polarity error at  CPO 
 P Polarity weights:  1.00
  Total P polarity weight is  1.000   Total number:   1
 +++++++++++++++++++++++++++++++++++++++++++++++++++++++++++++++++++++++++++++

     Dip,Strike,Rake     62.97    84.41   -30.68
     Dip,Strike,Rake     62.97   189.50  -149.32   Auxiliary Plane
     Lower Hem. Trend, Plunge of A,N     99.50    27.03   354.41    27.03
     Lower Hem. Trend, Plunge of P,T     46.96    40.00   316.96     0.00
     B trend, B plunge, Angle:  226.96  50.00 135.00

 P Polarity error at  CPO 
 P Polarity weights:  1.00
  Total P polarity weight is  1.000   Total number:   1
 +++++++++++++++++++++++++++++++++++++++++++++++++++++++++++++++++++++++++++++

     Dip,Strike,Rake     68.37    82.99   -34.50
     Dip,Strike,Rake     58.23   187.21  -154.30   Auxiliary Plane
     Lower Hem. Trend, Plunge of A,N     97.21    31.77   352.99    21.63
     Lower Hem. Trend, Plunge of P,T     41.82    39.27   137.09     6.41
     B trend, B plunge, Angle:  234.78  50.00 125.00

 P Polarity error at  CPO 
 P Polarity weights:  1.00
  Total P polarity weight is  1.000   Total number:   1
 +++++++++++++++++++++++++++++++++++++++++++++++++++++++++++++++++++++++++++++

     Dip,Strike,Rake     83.59    93.78   -39.57
     Dip,Strike,Rake     50.73   189.05  -171.71   Auxiliary Plane
     Lower Hem. Trend, Plunge of A,N     99.05    39.27     3.78     6.41
     Lower Hem. Trend, Plunge of P,T     43.66    31.77   147.88    21.63
     B trend, B plunge, Angle:  266.09  50.00 100.00

 P Polarity error at  TKL 
 P Polarity weights:  1.00
  Total P polarity weight is  1.000   Total number:   1
 +++++++++++++++++++++++++++++++++++++++++++++++++++++++++++++++++++++++++++++

     Dip,Strike,Rake     80.42    97.69   -39.03
     Dip,Strike,Rake     51.62   195.37  -167.75   Auxiliary Plane
     Lower Hem. Trend, Plunge of A,N    105.37    38.38     7.69     9.58
     Lower Hem. Trend, Plunge of P,T     49.08    33.83   152.23    18.75
     B trend, B plunge, Angle:  266.09  50.00 105.00

 P Polarity error at  TKL 
 P Polarity weights:  1.00
  Total P polarity weight is  1.000   Total number:   1
 +++++++++++++++++++++++++++++++++++++++++++++++++++++++++++++++++++++++++++++

     Dip,Strike,Rake     90.00   273.91    40.00
     Dip,Strike,Rake     50.00   183.91   180.00   Auxiliary Plane
     Lower Hem. Trend, Plunge of A,N     93.91    40.00     3.91     0.00
     Lower Hem. Trend, Plunge of P,T     41.37    27.03   146.46    27.03
     B trend, B plunge, Angle:  273.91  50.00  90.00

 P Polarity error at  TKL 
 P Polarity weights:  1.00
  Total P polarity weight is  1.000   Total number:   1
 +++++++++++++++++++++++++++++++++++++++++++++++++++++++++++++++++++++++++++++

     Dip,Strike,Rake     86.79    97.75   -39.89
     Dip,Strike,Rake     50.18   190.43  -175.82   Auxiliary Plane
     Lower Hem. Trend, Plunge of A,N    100.43    39.82     7.75     3.21
     Lower Hem. Trend, Plunge of P,T     46.31    29.50   151.18    24.40
     B trend, B plunge, Angle:  273.91  50.00  95.00

 P Polarity error at  TKL 
 P Polarity weights:  1.00
  Total P polarity weight is  1.000   Total number:   1
 +++++++++++++++++++++++++++++++++++++++++++++++++++++++++++++++++++++++++++++

     Dip,Strike,Rake     83.59   274.05    39.57
     Dip,Strike,Rake     50.73   178.78   171.71   Auxiliary Plane
     Lower Hem. Trend, Plunge of A,N     88.78    39.27   184.05     6.41
     Lower Hem. Trend, Plunge of P,T     39.95    21.63   144.17    31.77
     B trend, B plunge, Angle:  281.74  50.00  80.00

 P Polarity error at  TKL 
 P Polarity weights:  1.00
  Total P polarity weight is  1.000   Total number:   1
 +++++++++++++++++++++++++++++++++++++++++++++++++++++++++++++++++++++++++++++

     Dip,Strike,Rake     86.79   277.90    39.89
     Dip,Strike,Rake     50.18   185.22   175.82   Auxiliary Plane
     Lower Hem. Trend, Plunge of A,N     95.22    39.82   187.90     3.21
     Lower Hem. Trend, Plunge of P,T     44.47    24.40   149.35    29.50
     B trend, B plunge, Angle:  281.74  50.00  85.00

 P Polarity error at  TKL 
 P Polarity weights:  1.00
  Total P polarity weight is  1.000   Total number:   1
 +++++++++++++++++++++++++++++++++++++++++++++++++++++++++++++++++++++++++++++

     Dip,Strike,Rake     74.24   269.91    37.25
     Dip,Strike,Rake     54.37   168.24   160.47   Auxiliary Plane
     Lower Hem. Trend, Plunge of A,N     78.24    35.63   179.91    15.76
     Lower Hem. Trend, Plunge of P,T     35.14    12.70   134.98    37.16
     B trend, B plunge, Angle:  289.57  50.00  65.00

 P Polarity error at  TKL 
 P Polarity weights:  1.00
  Total P polarity weight is  1.000   Total number:   1
 +++++++++++++++++++++++++++++++++++++++++++++++++++++++++++++++++++++++++++++

     Dip,Strike,Rake     77.30   273.99    38.26
     Dip,Strike,Rake     52.84   174.15   163.99   Auxiliary Plane
     Lower Hem. Trend, Plunge of A,N     84.15    37.16   183.99    12.70
     Lower Hem. Trend, Plunge of P,T     39.22    15.76   140.90    35.63
     B trend, B plunge, Angle:  289.57  50.00  70.00

 P Polarity error at  TKL 
 P Polarity weights:  1.00
  Total P polarity weight is  1.000   Total number:   1
 +++++++++++++++++++++++++++++++++++++++++++++++++++++++++++++++++++++++++++++

     Dip,Strike,Rake     80.42   277.97    39.03
     Dip,Strike,Rake     51.62   180.29   167.75   Auxiliary Plane
     Lower Hem. Trend, Plunge of A,N     90.29    38.38   187.97     9.58
     Lower Hem. Trend, Plunge of P,T     43.42    18.75   146.57    33.83
     B trend, B plunge, Angle:  289.57  50.00  75.00

 P Polarity error at  TKL 
 P Polarity weights:  1.00
  Total P polarity weight is  1.000   Total number:   1
 +++++++++++++++++++++++++++++++++++++++++++++++++++++++++++++++++++++++++++++

     Dip,Strike,Rake     71.25   273.53    36.01
     Dip,Strike,Rake     56.17   170.39   157.24   Auxiliary Plane
     Lower Hem. Trend, Plunge of A,N     80.39    33.83   183.53    18.75
     Lower Hem. Trend, Plunge of P,T     38.99     9.58   136.67    38.38
     B trend, B plunge, Angle:  297.39  50.00  60.00

 P Polarity error at  TKL 
 P Polarity weights:  1.00
  Total P polarity weight is  1.000   Total number:   1
 +++++++++++++++++++++++++++++++++++++++++++++++++++++++++++++++++++++++++++++

     Dip,Strike,Rake     74.24   277.73    37.25
     Dip,Strike,Rake     54.37   176.06   160.47   Auxiliary Plane
     Lower Hem. Trend, Plunge of A,N     86.06    35.63   187.73    15.76
     Lower Hem. Trend, Plunge of P,T     42.97    12.70   142.81    37.16
     B trend, B plunge, Angle:  297.39  50.00  65.00

 P Polarity error at  TKL 
 P Polarity weights:  1.00
  Total P polarity weight is  1.000   Total number:   1
 +++++++++++++++++++++++++++++++++++++++++++++++++++++++++++++++++++++++++++++

     Dip,Strike,Rake     68.37   277.01    34.50
     Dip,Strike,Rake     58.23   172.79   154.30   Auxiliary Plane
     Lower Hem. Trend, Plunge of A,N     82.79    31.77   187.01    21.63
     Lower Hem. Trend, Plunge of P,T     42.91     6.41   138.18    39.27
     B trend, B plunge, Angle:  305.22  50.00  55.00

 P Polarity error at  TKL 
 P Polarity weights:  1.00
  Total P polarity weight is  1.000   Total number:   1
 +++++++++++++++++++++++++++++++++++++++++++++++++++++++++++++++++++++++++++++

     Dip,Strike,Rake     62.97   275.59    30.68
     Dip,Strike,Rake     62.97   170.50   149.32   Auxiliary Plane
     Lower Hem. Trend, Plunge of A,N     80.50    27.03   185.59    27.03
     Lower Hem. Trend, Plunge of P,T    223.04     0.00   133.04    40.00
     B trend, B plunge, Angle:  313.04  50.00  45.00

 P Polarity error at  TKL 
 P Polarity weights:  1.00
  Total P polarity weight is  1.000   Total number:   1
 +++++++++++++++++++++++++++++++++++++++++++++++++++++++++++++++++++++++++++++

     Dip,Strike,Rake     55.61    88.98     6.93
     Dip,Strike,Rake     84.28   355.05   145.41   Auxiliary Plane
     Lower Hem. Trend, Plunge of A,N    265.05     5.72   358.98    34.39
     Lower Hem. Trend, Plunge of P,T     46.99    19.21   306.31    28.02
     B trend, B plunge, Angle:  166.83  55.00  10.00

 P Polarity error at  CPO 
 P Polarity weights:  1.00
  Total P polarity weight is  1.000   Total number:   1
 +++++++++++++++++++++++++++++++++++++++++++++++++++++++++++++++++++++++++++++

     Dip,Strike,Rake     55.00    85.61     0.00
     Dip,Strike,Rake     90.00   355.61   145.00   Auxiliary Plane
     Lower Hem. Trend, Plunge of A,N     85.61     0.00   355.61    35.00
     Lower Hem. Trend, Plunge of P,T     46.29    23.93   304.93    23.93
     B trend, B plunge, Angle:  175.61  55.00   0.00

 P Polarity error at  CPO 
 P Polarity weights:  1.00
  Total P polarity weight is  1.000   Total number:   1
 +++++++++++++++++++++++++++++++++++++++++++++++++++++++++++++++++++++++++++++

     Dip,Strike,Rake     55.15    88.29    -3.49
     Dip,Strike,Rake     87.13   180.29  -145.10   Auxiliary Plane
     Lower Hem. Trend, Plunge of A,N     90.29     2.87   358.29    34.85
     Lower Hem. Trend, Plunge of P,T     50.08    26.06   308.89    21.63
     B trend, B plunge, Angle:  184.39  55.00 175.00

 P Polarity error at  CPO 
 P Polarity weights:  1.00
  Total P polarity weight is  1.000   Total number:   1
 +++++++++++++++++++++++++++++++++++++++++++++++++++++++++++++++++++++++++++++

     Dip,Strike,Rake     60.22    85.56   -19.30
     Dip,Strike,Rake     73.33   185.42  -148.77   Auxiliary Plane
     Lower Hem. Trend, Plunge of A,N     95.42    16.67   355.55    29.78
     Lower Hem. Trend, Plunge of P,T     48.84    33.64   313.11     8.54
     B trend, B plunge, Angle:  210.73  55.00 150.00

 P Polarity error at  CPO 
 P Polarity weights:  1.00
  Total P polarity weight is  1.000   Total number:   1
 +++++++++++++++++++++++++++++++++++++++++++++++++++++++++++++++++++++++++++++

     Dip,Strike,Rake     63.94    83.82   -24.23
     Dip,Strike,Rake     68.37   185.01  -151.79   Auxiliary Plane
     Lower Hem. Trend, Plunge of A,N     95.01    21.63   353.82    26.06
     Lower Hem. Trend, Plunge of P,T     45.61    34.85   313.61     2.87
     B trend, B plunge, Angle:  219.51  55.00 140.00

 P Polarity error at  CPO 
 P Polarity weights:  1.00
  Total P polarity weight is  1.000   Total number:   1
 +++++++++++++++++++++++++++++++++++++++++++++++++++++++++++++++++++++++++++++

     Dip,Strike,Rake     68.37    82.80   -28.21
     Dip,Strike,Rake     63.94   183.98  -155.77   Auxiliary Plane
     Lower Hem. Trend, Plunge of A,N     93.98    26.06   352.80    21.63
     Lower Hem. Trend, Plunge of P,T     42.20    34.85   134.19     2.87
     B trend, B plunge, Angle:  228.29  55.00 130.00

 P Polarity error at  CPO 
 P Polarity weights:  1.00
  Total P polarity weight is  1.000   Total number:   1
 +++++++++++++++++++++++++++++++++++++++++++++++++++++++++++++++++++++++++++++

     Dip,Strike,Rake     70.79    95.69   -29.84
     Dip,Strike,Rake     61.98   196.38  -158.12   Auxiliary Plane
     Lower Hem. Trend, Plunge of A,N    106.38    28.02     5.69    19.21
     Lower Hem. Trend, Plunge of P,T     53.71    34.39   147.63     5.72
     B trend, B plunge, Angle:  245.85  55.00 125.00

 P Polarity error at  TKL 
 P Polarity weights:  1.00
  Total P polarity weight is  1.000   Total number:   1
 +++++++++++++++++++++++++++++++++++++++++++++++++++++++++++++++++++++++++++++

     Dip,Strike,Rake     75.97    95.54   -32.40
     Dip,Strike,Rake     58.68   194.29  -163.52   Auxiliary Plane
     Lower Hem. Trend, Plunge of A,N    104.29    31.32     5.54    14.03
     Lower Hem. Trend, Plunge of P,T     50.68    32.61   148.03    11.31
     B trend, B plunge, Angle:  254.63  55.00 115.00

 P Polarity error at  TKL 
 P Polarity weights:  1.00
  Total P polarity weight is  1.000   Total number:   1
 +++++++++++++++++++++++++++++++++++++++++++++++++++++++++++++++++++++++++++++

     Dip,Strike,Rake     81.46    95.79   -34.07
     Dip,Strike,Rake     56.36   191.53  -169.73   Auxiliary Plane
     Lower Hem. Trend, Plunge of A,N    101.53    33.64     5.79     8.54
     Lower Hem. Trend, Plunge of P,T     48.24    29.78   148.10    16.67
     B trend, B plunge, Angle:  263.41  55.00 105.00

 P Polarity error at  TKL 
 P Polarity weights:  1.00
  Total P polarity weight is  1.000   Total number:   1
 +++++++++++++++++++++++++++++++++++++++++++++++++++++++++++++++++++++++++++++

     Dip,Strike,Rake     90.00   272.20    35.00
     Dip,Strike,Rake     55.00   182.20   180.00   Auxiliary Plane
     Lower Hem. Trend, Plunge of A,N     92.20    35.00     2.20     0.00
     Lower Hem. Trend, Plunge of P,T     41.52    23.93   142.87    23.93
     B trend, B plunge, Angle:  272.20  55.00  90.00

 P Polarity error at  TKL 
 P Polarity weights:  1.00
  Total P polarity weight is  1.000   Total number:   1
 +++++++++++++++++++++++++++++++++++++++++++++++++++++++++++++++++++++++++++++

     Dip,Strike,Rake     87.13    96.29   -34.90
     Dip,Strike,Rake     55.15   188.29  -176.51   Auxiliary Plane
     Lower Hem. Trend, Plunge of A,N     98.29    34.85     6.29     2.87
     Lower Hem. Trend, Plunge of P,T     46.51    26.06   147.69    21.63
     B trend, B plunge, Angle:  272.20  55.00  95.00

 P Polarity error at  TKL 
 P Polarity weights:  1.00
  Total P polarity weight is  1.000   Total number:   1
 +++++++++++++++++++++++++++++++++++++++++++++++++++++++++++++++++++++++++++++

     Dip,Strike,Rake     84.28   272.76    34.59
     Dip,Strike,Rake     55.61   178.83   173.07   Auxiliary Plane
     Lower Hem. Trend, Plunge of A,N     88.83    34.39   182.76     5.72
     Lower Hem. Trend, Plunge of P,T     40.81    19.21   141.50    28.02
     B trend, B plunge, Angle:  280.98  55.00  80.00

 P Polarity error at  TKL 
 P Polarity weights:  1.00
  Total P polarity weight is  1.000   Total number:   1
 +++++++++++++++++++++++++++++++++++++++++++++++++++++++++++++++++++++++++++++

     Dip,Strike,Rake     87.13   276.88    34.90
     Dip,Strike,Rake     55.15   184.88   176.51   Auxiliary Plane
     Lower Hem. Trend, Plunge of A,N     94.88    34.85   186.88     2.87
     Lower Hem. Trend, Plunge of P,T     45.48    21.63   146.66    26.06
     B trend, B plunge, Angle:  280.98  55.00  85.00

 P Polarity error at  TKL 
 P Polarity weights:  1.00
  Total P polarity weight is  1.000   Total number:   1
 +++++++++++++++++++++++++++++++++++++++++++++++++++++++++++++++++++++++++++++

     Dip,Strike,Rake     90.00   280.98    35.00
     Dip,Strike,Rake     55.00   190.98   180.00   Auxiliary Plane
     Lower Hem. Trend, Plunge of A,N    100.98    35.00    10.98     0.00
     Lower Hem. Trend, Plunge of P,T     50.30    23.93   151.65    23.93
     B trend, B plunge, Angle:  280.98  55.00  90.00

 P Polarity error at  TKL 
 P Polarity weights:  1.00
  Total P polarity weight is  1.000   Total number:   1
 +++++++++++++++++++++++++++++++++++++++++++++++++++++++++++++++++++++++++++++

     Dip,Strike,Rake     78.69   273.15    33.34
     Dip,Strike,Rake     57.39   175.80   166.53   Auxiliary Plane
     Lower Hem. Trend, Plunge of A,N     85.80    32.61   183.15    11.31
     Lower Hem. Trend, Plunge of P,T     40.66    14.03   139.41    31.32
     B trend, B plunge, Angle:  289.76  55.00  70.00

 P Polarity error at  TKL 
 P Polarity weights:  1.00
  Total P polarity weight is  1.000   Total number:   1
 +++++++++++++++++++++++++++++++++++++++++++++++++++++++++++++++++++++++++++++

     Dip,Strike,Rake     81.46   277.38    34.07
     Dip,Strike,Rake     56.36   181.64   169.73   Auxiliary Plane
     Lower Hem. Trend, Plunge of A,N     91.64    33.64   187.38     8.54
     Lower Hem. Trend, Plunge of P,T     45.07    16.67   144.93    29.78
     B trend, B plunge, Angle:  289.76  55.00  75.00

 P Polarity error at  TKL 
 P Polarity weights:  1.00
  Total P polarity weight is  1.000   Total number:   1
 +++++++++++++++++++++++++++++++++++++++++++++++++++++++++++++++++++++++++++++

     Dip,Strike,Rake     73.33   273.23    31.23
     Dip,Strike,Rake     60.22   173.36   160.70   Auxiliary Plane
     Lower Hem. Trend, Plunge of A,N     83.36    29.78   183.23    16.67
     Lower Hem. Trend, Plunge of P,T     40.92     8.54   136.65    33.64
     B trend, B plunge, Angle:  298.54  55.00  60.00

 P Polarity error at  TKL 
 P Polarity weights:  1.00
  Total P polarity weight is  1.000   Total number:   1
 +++++++++++++++++++++++++++++++++++++++++++++++++++++++++++++++++++++++++++++

     Dip,Strike,Rake     75.97   277.63    32.40
     Dip,Strike,Rake     58.68   178.89   163.52   Auxiliary Plane
     Lower Hem. Trend, Plunge of A,N     88.89    31.32   187.63    14.03
     Lower Hem. Trend, Plunge of P,T     45.14    11.31   142.49    32.61
     B trend, B plunge, Angle:  298.54  55.00  65.00

 P Polarity error at  TKL 
 P Polarity weights:  1.00
  Total P polarity weight is  1.000   Total number:   1
 +++++++++++++++++++++++++++++++++++++++++++++++++++++++++++++++++++++++++++++

     Dip,Strike,Rake     68.37   272.81    28.21
     Dip,Strike,Rake     63.94   171.63   155.77   Auxiliary Plane
     Lower Hem. Trend, Plunge of A,N     81.63    26.06   182.81    21.63
     Lower Hem. Trend, Plunge of P,T     41.42     2.87   133.41    34.85
     B trend, B plunge, Angle:  307.32  55.00  50.00

 P Polarity error at  TKL 
 P Polarity weights:  1.00
  Total P polarity weight is  1.000   Total number:   1
 +++++++++++++++++++++++++++++++++++++++++++++++++++++++++++++++++++++++++++++

     Dip,Strike,Rake     70.79   277.48    29.84
     Dip,Strike,Rake     61.98   176.79   158.12   Auxiliary Plane
     Lower Hem. Trend, Plunge of A,N     86.79    28.02   187.48    19.21
     Lower Hem. Trend, Plunge of P,T     45.54     5.72   139.46    34.39
     B trend, B plunge, Angle:  307.32  55.00  55.00

 P Polarity error at  TKL 
 P Polarity weights:  1.00
  Total P polarity weight is  1.000   Total number:   1
 +++++++++++++++++++++++++++++++++++++++++++++++++++++++++++++++++++++++++++++

     Dip,Strike,Rake     66.07   276.77    26.34
     Dip,Strike,Rake     66.07   175.42   153.66   Auxiliary Plane
     Lower Hem. Trend, Plunge of A,N     85.42    23.93   186.77    23.93
     Lower Hem. Trend, Plunge of P,T    226.10     0.00   136.10    35.00
     B trend, B plunge, Angle:  316.10  55.00  45.00

 P Polarity error at  TKL 
 P Polarity weights:  1.00
  Total P polarity weight is  1.000   Total number:   1
 +++++++++++++++++++++++++++++++++++++++++++++++++++++++++++++++++++++++++++++

     Dip,Strike,Rake     61.98   275.40    21.88
     Dip,Strike,Rake     70.79   174.72   150.16   Auxiliary Plane
     Lower Hem. Trend, Plunge of A,N     84.72    19.21   185.40    28.02
     Lower Hem. Trend, Plunge of P,T    226.66     5.72   132.73    34.39
     B trend, B plunge, Angle:  324.88  55.00  35.00

 P Polarity error at  TKL 
 P Polarity weights:  1.00
  Total P polarity weight is  1.000   Total number:   1
 +++++++++++++++++++++++++++++++++++++++++++++++++++++++++++++++++++++++++++++

     Dip,Strike,Rake     73.33    81.23   -25.31
     Dip,Strike,Rake     65.82   178.96  -161.68   Auxiliary Plane
     Lower Hem. Trend, Plunge of A,N     88.96    24.18   351.23    16.67
     Lower Hem. Trend, Plunge of P,T     38.49    29.50   131.32     4.98
     B trend, B plunge, Angle:  230.00  60.00 125.00

 P Polarity error at  CPO 
 P Polarity weights:  1.00
  Total P polarity weight is  1.000   Total number:   1
 +++++++++++++++++++++++++++++++++++++++++++++++++++++++++++++++++++++++++++++

     Dip,Strike,Rake     71.25    96.01   -23.86
     Dip,Strike,Rake     67.48   194.10  -159.64   Auxiliary Plane
     Lower Hem. Trend, Plunge of A,N    104.10    22.52     6.01    18.75
     Lower Hem. Trend, Plunge of P,T     54.23    29.87   145.67     2.50
     B trend, B plunge, Angle:  240.00  60.00 130.00

 P Polarity error at  TKL 
 P Polarity weights:  1.00
  Total P polarity weight is  1.000   Total number:   1
 +++++++++++++++++++++++++++++++++++++++++++++++++++++++++++++++++++++++++++++

     Dip,Strike,Rake     75.52    96.57   -26.57
     Dip,Strike,Rake     64.34   193.69  -163.90   Auxiliary Plane
     Lower Hem. Trend, Plunge of A,N    103.69    25.66     6.57    14.48
     Lower Hem. Trend, Plunge of P,T     52.81    28.88   146.94     7.44
     B trend, B plunge, Angle:  250.00  60.00 120.00

 P Polarity error at  TKL 
 P Polarity weights:  1.00
  Total P polarity weight is  1.000   Total number:   1
 +++++++++++++++++++++++++++++++++++++++++++++++++++++++++++++++++++++++++++++

     Dip,Strike,Rake     80.15    97.50   -28.48
     Dip,Strike,Rake     61.98   192.80  -168.83   Auxiliary Plane
     Lower Hem. Trend, Plunge of A,N    102.80    28.02     7.50     9.85
     Lower Hem. Trend, Plunge of P,T     51.70    26.95   148.01    12.20
     B trend, B plunge, Angle:  260.00  60.00 110.00

 P Polarity error at  TKL 
 P Polarity weights:  1.00
  Total P polarity weight is  1.000   Total number:   1
 +++++++++++++++++++++++++++++++++++++++++++++++++++++++++++++++++++++++++++++

     Dip,Strike,Rake     87.50    94.33   -29.91
     Dip,Strike,Rake     60.13   185.77  -177.12   Auxiliary Plane
     Lower Hem. Trend, Plunge of A,N     95.77    29.87     4.33     2.50
     Lower Hem. Trend, Plunge of P,T     45.90    22.52   143.99    18.75
     B trend, B plunge, Angle:  270.00  60.00  95.00

 P Polarity error at  TKL 
 P Polarity weights:  1.00
  Total P polarity weight is  1.000   Total number:   1
 +++++++++++++++++++++++++++++++++++++++++++++++++++++++++++++++++++++++++++++

     Dip,Strike,Rake     85.02    98.68   -29.62
     Dip,Strike,Rake     60.50   191.51  -174.27   Auxiliary Plane
     Lower Hem. Trend, Plunge of A,N    101.51    29.50     8.68     4.98
     Lower Hem. Trend, Plunge of P,T     51.04    24.18   148.77    16.67
     B trend, B plunge, Angle:  270.00  60.00 100.00

 P Polarity error at  TKL 
 P Polarity weights:  1.00
  Total P polarity weight is  1.000   Total number:   1
 +++++++++++++++++++++++++++++++++++++++++++++++++++++++++++++++++++++++++++++

     Dip,Strike,Rake     85.02   271.32    29.62
     Dip,Strike,Rake     60.50   178.49   174.27   Auxiliary Plane
     Lower Hem. Trend, Plunge of A,N     88.49    29.50   181.32     4.98
     Lower Hem. Trend, Plunge of P,T     41.23    16.67   138.96    24.18
     B trend, B plunge, Angle:  280.00  60.00  80.00

 P Polarity error at  TKL 
 P Polarity weights:  1.00
  Total P polarity weight is  1.000   Total number:   1
 +++++++++++++++++++++++++++++++++++++++++++++++++++++++++++++++++++++++++++++

     Dip,Strike,Rake     87.50   275.67    29.91
     Dip,Strike,Rake     60.13   184.23   177.12   Auxiliary Plane
     Lower Hem. Trend, Plunge of A,N     94.23    29.87   185.67     2.50
     Lower Hem. Trend, Plunge of P,T     46.01    18.75   144.10    22.52
     B trend, B plunge, Angle:  280.00  60.00  85.00

 P Polarity error at  TKL 
 P Polarity weights:  1.00
  Total P polarity weight is  1.000   Total number:   1
 +++++++++++++++++++++++++++++++++++++++++++++++++++++++++++++++++++++++++++++

     Dip,Strike,Rake     90.00   280.00    30.00
     Dip,Strike,Rake     60.00   190.00   180.00   Auxiliary Plane
     Lower Hem. Trend, Plunge of A,N    100.00    30.00    10.00     0.00
     Lower Hem. Trend, Plunge of P,T     50.89    20.70   149.11    20.70
     B trend, B plunge, Angle:  280.00  60.00  90.00

 P Polarity error at  TKL 
 P Polarity weights:  1.00
  Total P polarity weight is  1.000   Total number:   1
 +++++++++++++++++++++++++++++++++++++++++++++++++++++++++++++++++++++++++++++

     Dip,Strike,Rake     80.15   272.50    28.48
     Dip,Strike,Rake     61.98   177.20   168.83   Auxiliary Plane
     Lower Hem. Trend, Plunge of A,N     87.20    28.02   182.50     9.85
     Lower Hem. Trend, Plunge of P,T     41.99    12.20   138.30    26.95
     B trend, B plunge, Angle:  290.00  60.00  70.00

 P Polarity error at  TKL 
 P Polarity weights:  1.00
  Total P polarity weight is  1.000   Total number:   1
 +++++++++++++++++++++++++++++++++++++++++++++++++++++++++++++++++++++++++++++

     Dip,Strike,Rake     82.56   276.94    29.15
     Dip,Strike,Rake     61.12   182.81   171.50   Auxiliary Plane
     Lower Hem. Trend, Plunge of A,N     92.81    28.88   186.94     7.44
     Lower Hem. Trend, Plunge of P,T     46.57    14.48   143.69    25.66
     B trend, B plunge, Angle:  290.00  60.00  75.00

 P Polarity error at  TKL 
 P Polarity weights:  1.00
  Total P polarity weight is  1.000   Total number:   1
 +++++++++++++++++++++++++++++++++++++++++++++++++++++++++++++++++++++++++++++

     Dip,Strike,Rake     75.52   273.43    26.57
     Dip,Strike,Rake     64.34   176.31   163.90   Auxiliary Plane
     Lower Hem. Trend, Plunge of A,N     86.31    25.66   183.43    14.48
     Lower Hem. Trend, Plunge of P,T     43.06     7.44   137.19    28.88
     B trend, B plunge, Angle:  300.00  60.00  60.00

 P Polarity error at  TKL 
 P Polarity weights:  1.00
  Total P polarity weight is  1.000   Total number:   1
 +++++++++++++++++++++++++++++++++++++++++++++++++++++++++++++++++++++++++++++

     Dip,Strike,Rake     77.80   278.01    27.62
     Dip,Strike,Rake     63.05   181.70   166.29   Auxiliary Plane
     Lower Hem. Trend, Plunge of A,N     91.70    26.95   188.01    12.20
     Lower Hem. Trend, Plunge of P,T     47.50     9.85   142.80    28.02
     B trend, B plunge, Angle:  300.00  60.00  65.00

 P Polarity error at  TKL 
 P Polarity weights:  1.00
  Total P polarity weight is  1.000   Total number:   1
 +++++++++++++++++++++++++++++++++++++++++++++++++++++++++++++++++++++++++++++

     Dip,Strike,Rake     71.25   273.99    23.86
     Dip,Strike,Rake     67.48   175.90   159.64   Auxiliary Plane
     Lower Hem. Trend, Plunge of A,N     85.90    22.52   183.99    18.75
     Lower Hem. Trend, Plunge of P,T     44.33     2.50   135.77    29.87
     B trend, B plunge, Angle:  310.00  60.00  50.00

 P Polarity error at  TKL 
 P Polarity weights:  1.00
  Total P polarity weight is  1.000   Total number:   1
 +++++++++++++++++++++++++++++++++++++++++++++++++++++++++++++++++++++++++++++

     Dip,Strike,Rake     73.33   278.77    25.31
     Dip,Strike,Rake     65.82   181.04   161.68   Auxiliary Plane
     Lower Hem. Trend, Plunge of A,N     91.04    24.18   188.77    16.67
     Lower Hem. Trend, Plunge of P,T     48.68     4.98   141.51    29.50
     B trend, B plunge, Angle:  310.00  60.00  55.00

 P Polarity error at  TKL 
 P Polarity weights:  1.00
  Total P polarity weight is  1.000   Total number:   1
 +++++++++++++++++++++++++++++++++++++++++++++++++++++++++++++++++++++++++++++

     Dip,Strike,Rake     67.48   274.10    20.36
     Dip,Strike,Rake     71.25   176.01   156.14   Auxiliary Plane
     Lower Hem. Trend, Plunge of A,N     86.01    18.75   184.10    22.52
     Lower Hem. Trend, Plunge of P,T    225.67     2.50   134.23    29.87
     B trend, B plunge, Angle:  320.00  60.00  40.00

 P Polarity error at  TKL 
 P Polarity weights:  1.00
  Total P polarity weight is  1.000   Total number:   1
 +++++++++++++++++++++++++++++++++++++++++++++++++++++++++++++++++++++++++++++

     Dip,Strike,Rake     74.24    97.25   -19.66
     Dip,Strike,Rake     71.11   192.79  -163.31   Auxiliary Plane
     Lower Hem. Trend, Plunge of A,N    102.79    18.89     7.25    15.76
     Lower Hem. Trend, Plunge of P,T     54.49    24.90   145.47     2.11
     B trend, B plunge, Angle:  240.00  65.00 130.00

 P Polarity error at  TKL 
 P Polarity weights:  1.00
  Total P polarity weight is  1.000   Total number:   1
 +++++++++++++++++++++++++++++++++++++++++++++++++++++++++++++++++++++++++++++

     Dip,Strike,Rake     79.71    94.91   -22.91
     Dip,Strike,Rake     67.48   189.23  -168.85   Auxiliary Plane
     Lower Hem. Trend, Plunge of A,N     99.23    22.52     4.91    10.29
     Lower Hem. Trend, Plunge of P,T     50.12    23.40   143.74     8.31
     B trend, B plunge, Angle:  252.00  65.00 115.00

 P Polarity error at  TKL 
 P Polarity weights:  1.00
  Total P polarity weight is  1.000   Total number:   1
 +++++++++++++++++++++++++++++++++++++++++++++++++++++++++++++++++++++++++++++

     Dip,Strike,Rake     85.79    93.08   -24.67
     Dip,Strike,Rake     65.41   185.01  -175.37   Auxiliary Plane
     Lower Hem. Trend, Plunge of A,N     95.01    24.59     3.08     4.21
     Lower Hem. Trend, Plunge of P,T     46.31    20.25   141.60    14.03
     B trend, B plunge, Angle:  264.00  65.00 100.00

 P Polarity error at  TKL 
 P Polarity weights:  1.00
  Total P polarity weight is  1.000   Total number:   1
 +++++++++++++++++++++++++++++++++++++++++++++++++++++++++++++++++++++++++++++

     Dip,Strike,Rake     83.72    97.65   -24.25
     Dip,Strike,Rake     65.91   190.47  -173.12   Auxiliary Plane
     Lower Hem. Trend, Plunge of A,N    100.47    24.09     7.65     6.28
     Lower Hem. Trend, Plunge of P,T     51.50    21.47   146.38    12.20
     B trend, B plunge, Angle:  264.00  65.00 105.00

 P Polarity error at  TKL 
 P Polarity weights:  1.00
  Total P polarity weight is  1.000   Total number:   1
 +++++++++++++++++++++++++++++++++++++++++++++++++++++++++++++++++++++++++++++

     Dip,Strike,Rake     90.00   276.00    25.00
     Dip,Strike,Rake     65.00   186.00   180.00   Auxiliary Plane
     Lower Hem. Trend, Plunge of A,N     96.00    25.00     6.00     0.00
     Lower Hem. Trend, Plunge of P,T     48.19    17.39   143.81    17.39
     B trend, B plunge, Angle:  276.00  65.00  90.00

 P Polarity error at  TKL 
 P Polarity weights:  1.00
  Total P polarity weight is  1.000   Total number:   1
 +++++++++++++++++++++++++++++++++++++++++++++++++++++++++++++++++++++++++++++

     Dip,Strike,Rake     87.89   100.53   -24.92
     Dip,Strike,Rake     65.10   191.51  -177.67   Auxiliary Plane
     Lower Hem. Trend, Plunge of A,N    101.51    24.90    10.53     2.11
     Lower Hem. Trend, Plunge of P,T     53.21    18.89   148.75    15.76
     B trend, B plunge, Angle:  276.00  65.00  95.00

 P Polarity error at  TKL 
 P Polarity weights:  1.00
  Total P polarity weight is  1.000   Total number:   1
 +++++++++++++++++++++++++++++++++++++++++++++++++++++++++++++++++++++++++++++

     Dip,Strike,Rake     83.72   274.35    24.25
     Dip,Strike,Rake     65.91   181.53   173.12   Auxiliary Plane
     Lower Hem. Trend, Plunge of A,N     91.53    24.09   184.35     6.28
     Lower Hem. Trend, Plunge of P,T     45.62    12.20   140.50    21.47
     B trend, B plunge, Angle:  288.00  65.00  75.00

 P Polarity error at  TKL 
 P Polarity weights:  1.00
  Total P polarity weight is  1.000   Total number:   1
 +++++++++++++++++++++++++++++++++++++++++++++++++++++++++++++++++++++++++++++

     Dip,Strike,Rake     85.79   278.92    24.67
     Dip,Strike,Rake     65.41   186.99   175.37   Auxiliary Plane
     Lower Hem. Trend, Plunge of A,N     96.99    24.59   188.92     4.21
     Lower Hem. Trend, Plunge of P,T     50.40    14.03   145.69    20.25
     B trend, B plunge, Angle:  288.00  65.00  80.00

 P Polarity error at  TKL 
 P Polarity weights:  1.00
  Total P polarity weight is  1.000   Total number:   1
 +++++++++++++++++++++++++++++++++++++++++++++++++++++++++++++++++++++++++++++

     Dip,Strike,Rake     77.80   272.38    21.99
     Dip,Strike,Rake     68.53   177.50   166.88   Auxiliary Plane
     Lower Hem. Trend, Plunge of A,N     87.50    21.47   182.38    12.20
     Lower Hem. Trend, Plunge of P,T     43.65     6.28   136.47    24.09
     B trend, B plunge, Angle:  300.00  65.00  60.00

 P Polarity error at  TKL 
 P Polarity weights:  1.00
  Total P polarity weight is  1.000   Total number:   1
 +++++++++++++++++++++++++++++++++++++++++++++++++++++++++++++++++++++++++++++

     Dip,Strike,Rake     79.71   277.09    22.91
     Dip,Strike,Rake     67.48   182.77   168.85   Auxiliary Plane
     Lower Hem. Trend, Plunge of A,N     92.77    22.52   187.09    10.29
     Lower Hem. Trend, Plunge of P,T     48.26     8.31   141.88    23.40
     B trend, B plunge, Angle:  300.00  65.00  65.00

 P Polarity error at  TKL 
 P Polarity weights:  1.00
  Total P polarity weight is  1.000   Total number:   1
 +++++++++++++++++++++++++++++++++++++++++++++++++++++++++++++++++++++++++++++

     Dip,Strike,Rake     74.24   274.75    19.66
     Dip,Strike,Rake     71.11   179.21   163.31   Auxiliary Plane
     Lower Hem. Trend, Plunge of A,N     89.21    18.89   184.75    15.76
     Lower Hem. Trend, Plunge of P,T     46.53     2.11   137.51    24.90
     B trend, B plunge, Angle:  312.00  65.00  50.00

 P Polarity error at  TKL 
 P Polarity weights:  1.00
  Total P polarity weight is  1.000   Total number:   1
 +++++++++++++++++++++++++++++++++++++++++++++++++++++++++++++++++++++++++++++

     Dip,Strike,Rake     71.11   276.79    16.69
     Dip,Strike,Rake     74.24   181.25   160.34   Auxiliary Plane
     Lower Hem. Trend, Plunge of A,N     91.25    15.76   186.79    18.89
     Lower Hem. Trend, Plunge of P,T    229.47     2.11   138.49    24.90
     B trend, B plunge, Angle:  324.00  65.00  40.00

 P Polarity error at  TKL 
 P Polarity weights:  1.00
  Total P polarity weight is  1.000   Total number:   1
 +++++++++++++++++++++++++++++++++++++++++++++++++++++++++++++++++++++++++++++

     Dip,Strike,Rake     67.48   273.23    11.15
     Dip,Strike,Rake     79.71   178.91   157.09   Auxiliary Plane
     Lower Hem. Trend, Plunge of A,N     88.91    10.29   183.23    22.52
     Lower Hem. Trend, Plunge of P,T    227.74     8.31   134.12    23.40
     B trend, B plunge, Angle:  336.00  65.00  25.00

 P Polarity error at  TKL 
 P Polarity weights:  1.00
  Total P polarity weight is  1.000   Total number:   1
 +++++++++++++++++++++++++++++++++++++++++++++++++++++++++++++++++++++++++++++

     Dip,Strike,Rake     65.91   274.47     6.88
     Dip,Strike,Rake     83.72   181.65   155.75   Auxiliary Plane
     Lower Hem. Trend, Plunge of A,N     91.65     6.28   184.47    24.09
     Lower Hem. Trend, Plunge of P,T    230.38    12.20   135.50    21.47
     B trend, B plunge, Angle:  348.00  65.00  15.00

 P Polarity error at  TKL 
 P Polarity weights:  1.00
  Total P polarity weight is  1.000   Total number:   1
 +++++++++++++++++++++++++++++++++++++++++++++++++++++++++++++++++++++++++++++

     Dip,Strike,Rake     70.71    95.68    -5.38
     Dip,Strike,Rake     84.92   187.47  -160.63   Auxiliary Plane
     Lower Hem. Trend, Plunge of A,N     97.47     5.08     5.68    19.29
     Lower Hem. Trend, Plunge of P,T     53.17    17.23   320.08     9.85
     B trend, B plunge, Angle:  201.60  70.00 165.00

 P Polarity error at  TKL 
 P Polarity weights:  1.00
  Total P polarity weight is  1.000   Total number:   1
 +++++++++++++++++++++++++++++++++++++++++++++++++++++++++++++++++++++++++++++

     Dip,Strike,Rake     78.69    98.14   -16.60
     Dip,Strike,Rake     73.73   191.49  -168.21   Auxiliary Plane
     Lower Hem. Trend, Plunge of A,N    101.49    16.27     8.14    11.31
     Lower Hem. Trend, Plunge of P,T     54.17    19.68   145.39     3.40
     B trend, B plunge, Angle:  244.80  70.00 125.00

 P Polarity error at  TKL 
 P Polarity weights:  1.00
  Total P polarity weight is  1.000   Total number:   1
 +++++++++++++++++++++++++++++++++++++++++++++++++++++++++++++++++++++++++++++

     Dip,Strike,Rake     84.92    93.33   -19.37
     Dip,Strike,Rake     70.71   185.12  -174.62   Auxiliary Plane
     Lower Hem. Trend, Plunge of A,N     95.12    19.29     3.33     5.08
     Lower Hem. Trend, Plunge of P,T     47.63    17.23   140.72     9.85
     B trend, B plunge, Angle:  259.20  70.00 105.00

 P Polarity error at  TKL 
 P Polarity weights:  1.00
  Total P polarity weight is  1.000   Total number:   1
 +++++++++++++++++++++++++++++++++++++++++++++++++++++++++++++++++++++++++++++

     Dip,Strike,Rake     83.28    98.08   -18.88
     Dip,Strike,Rake     71.25   190.37  -172.90   Auxiliary Plane
     Lower Hem. Trend, Plunge of A,N    100.37    18.75     8.08     6.72
     Lower Hem. Trend, Plunge of P,T     52.81    18.06   145.54     8.31
     B trend, B plunge, Angle:  259.20  70.00 110.00

 P Polarity error at  TKL 
 P Polarity weights:  1.00
  Total P polarity weight is  1.000   Total number:   1
 +++++++++++++++++++++++++++++++++++++++++++++++++++++++++++++++++++++++++++++

     Dip,Strike,Rake     90.00   273.60    20.00
     Dip,Strike,Rake     70.00   183.60   180.00   Auxiliary Plane
     Lower Hem. Trend, Plunge of A,N     93.60    20.00     3.60     0.00
     Lower Hem. Trend, Plunge of P,T     46.82    14.00   140.38    14.00
     B trend, B plunge, Angle:  273.60  70.00  90.00

 P Polarity error at  TKL 
 P Polarity weights:  1.00
  Total P polarity weight is  1.000   Total number:   1
 +++++++++++++++++++++++++++++++++++++++++++++++++++++++++++++++++++++++++++++

     Dip,Strike,Rake     88.29    98.30   -19.93
     Dip,Strike,Rake     70.08   188.92  -178.18   Auxiliary Plane
     Lower Hem. Trend, Plunge of A,N     98.92    19.92     8.30     1.71
     Lower Hem. Trend, Plunge of P,T     51.84    15.19   145.34    12.70
     B trend, B plunge, Angle:  273.60  70.00  95.00

 P Polarity error at  TKL 
 P Polarity weights:  1.00
  Total P polarity weight is  1.000   Total number:   1
 +++++++++++++++++++++++++++++++++++++++++++++++++++++++++++++++++++++++++++++

     Dip,Strike,Rake     84.92   273.87    19.37
     Dip,Strike,Rake     70.71   182.08   174.62   Auxiliary Plane
     Lower Hem. Trend, Plunge of A,N     92.08    19.29   183.87     5.08
     Lower Hem. Trend, Plunge of P,T     46.48     9.85   139.57    17.23
     B trend, B plunge, Angle:  288.00  70.00  75.00

 P Polarity error at  TKL 
 P Polarity weights:  1.00
  Total P polarity weight is  1.000   Total number:   1
 +++++++++++++++++++++++++++++++++++++++++++++++++++++++++++++++++++++++++++++

     Dip,Strike,Rake     86.60   278.59    19.72
     Dip,Strike,Rake     70.32   187.37   176.38   Auxiliary Plane
     Lower Hem. Trend, Plunge of A,N     97.37    19.68   188.59     3.40
     Lower Hem. Trend, Plunge of P,T     51.34    11.31   144.69    16.27
     B trend, B plunge, Angle:  288.00  70.00  80.00

 P Polarity error at  TKL 
 P Polarity weights:  1.00
  Total P polarity weight is  1.000   Total number:   1
 +++++++++++++++++++++++++++++++++++++++++++++++++++++++++++++++++++++++++++++

     Dip,Strike,Rake     80.15   273.92    17.50
     Dip,Strike,Rake     72.77   180.83   169.69   Auxiliary Plane
     Lower Hem. Trend, Plunge of A,N     90.83    17.23   183.92     9.85
     Lower Hem. Trend, Plunge of P,T     46.53     5.08   138.32    19.29
     B trend, B plunge, Angle:  302.40  70.00  60.00

 P Polarity error at  TKL 
 P Polarity weights:  1.00
  Total P polarity weight is  1.000   Total number:   1
 +++++++++++++++++++++++++++++++++++++++++++++++++++++++++++++++++++++++++++++

     Dip,Strike,Rake     81.69   278.74    18.26
     Dip,Strike,Rake     71.94   186.01   171.26   Auxiliary Plane
     Lower Hem. Trend, Plunge of A,N     96.01    18.06   188.74     8.31
     Lower Hem. Trend, Plunge of P,T     51.28     6.72   143.57    18.75
     B trend, B plunge, Angle:  302.40  70.00  65.00

 P Polarity error at  TKL 
 P Polarity weights:  1.00
  Total P polarity weight is  1.000   Total number:   1
 +++++++++++++++++++++++++++++++++++++++++++++++++++++++++++++++++++++++++++++

     Dip,Strike,Rake     76.00   273.58    14.43
     Dip,Strike,Rake     76.00   180.02   165.57   Auxiliary Plane
     Lower Hem. Trend, Plunge of A,N     90.02    14.00   183.58    14.00
     Lower Hem. Trend, Plunge of P,T    226.80     0.00   136.80    20.00
     B trend, B plunge, Angle:  316.80  70.00  45.00

 P Polarity error at  TKL 
 P Polarity weights:  1.00
  Total P polarity weight is  1.000   Total number:   1
 +++++++++++++++++++++++++++++++++++++++++++++++++++++++++++++++++++++++++++++

     Dip,Strike,Rake     77.30   278.54    15.58
     Dip,Strike,Rake     74.81   185.04   166.83   Auxiliary Plane
     Lower Hem. Trend, Plunge of A,N     95.04    15.19   188.54    12.70
     Lower Hem. Trend, Plunge of P,T     51.50     1.71   142.12    19.92
     B trend, B plunge, Angle:  316.80  70.00  50.00

 P Polarity error at  TKL 
 P Polarity weights:  1.00
  Total P polarity weight is  1.000   Total number:   1
 +++++++++++++++++++++++++++++++++++++++++++++++++++++++++++++++++++++++++++++

     Dip,Strike,Rake     72.77   272.77    10.31
     Dip,Strike,Rake     80.15   179.68   162.50   Auxiliary Plane
     Lower Hem. Trend, Plunge of A,N     89.68     9.85   182.77    17.23
     Lower Hem. Trend, Plunge of P,T    227.07     5.08   135.28    19.29
     B trend, B plunge, Angle:  331.20  70.00  30.00

 P Polarity error at  TKL 
 P Polarity weights:  1.00
  Total P polarity weight is  1.000   Total number:   1
 +++++++++++++++++++++++++++++++++++++++++++++++++++++++++++++++++++++++++++++

     Dip,Strike,Rake     73.73   277.89    11.79
     Dip,Strike,Rake     78.69   184.54   163.40   Auxiliary Plane
     Lower Hem. Trend, Plunge of A,N     94.54    11.31   187.89    16.27
     Lower Hem. Trend, Plunge of P,T    231.79     3.40   140.57    19.68
     B trend, B plunge, Angle:  331.20  70.00  35.00

 P Polarity error at  TKL 
 P Polarity weights:  1.00
  Total P polarity weight is  1.000   Total number:   1
 +++++++++++++++++++++++++++++++++++++++++++++++++++++++++++++++++++++++++++++

     Dip,Strike,Rake     71.25   276.77     7.10
     Dip,Strike,Rake     83.28   184.48   161.12   Auxiliary Plane
     Lower Hem. Trend, Plunge of A,N     94.48     6.72   186.77    18.75
     Lower Hem. Trend, Plunge of P,T    231.94     8.31   139.21    18.06
     B trend, B plunge, Angle:  345.60  70.00  20.00

 P Polarity error at  TKL 
 P Polarity weights:  1.00
  Total P polarity weight is  1.000   Total number:   1
 +++++++++++++++++++++++++++++++++++++++++++++++++++++++++++++++++++++++++++++

     Dip,Strike,Rake     75.92    97.77    -5.24
     Dip,Strike,Rake     84.92   189.05  -165.87   Auxiliary Plane
     Lower Hem. Trend, Plunge of A,N     99.05     5.08     7.77    14.08
     Lower Hem. Trend, Plunge of P,T     54.19    13.57   322.67     6.28
     B trend, B plunge, Angle:  208.42  75.00 160.00

 P Polarity error at  TKL 
 P Polarity weights:  1.00
  Total P polarity weight is  1.000   Total number:   1
 +++++++++++++++++++++++++++++++++++++++++++++++++++++++++++++++++++++++++++++

     Dip,Strike,Rake     78.56    96.39    -9.77
     Dip,Strike,Rake     80.42   188.34  -168.40   Auxiliary Plane
     Lower Hem. Trend, Plunge of A,N     98.34     9.58     6.39    11.44
     Lower Hem. Trend, Plunge of P,T     52.54    14.94   322.20     1.29
     B trend, B plunge, Angle:  227.37  75.00 140.00

 P Polarity error at  TKL 
 P Polarity weights:  1.00
  Total P polarity weight is  1.000   Total number:   1
 +++++++++++++++++++++++++++++++++++++++++++++++++++++++++++++++++++++++++++++

     Dip,Strike,Rake     82.56    95.46   -13.06
     Dip,Strike,Rake     77.05   187.18  -172.37   Auxiliary Plane
     Lower Hem. Trend, Plunge of A,N     97.18    12.95     5.46     7.44
     Lower Hem. Trend, Plunge of P,T     50.81    14.48   141.80     3.84
     B trend, B plunge, Angle:  246.32  75.00 120.00

 P Polarity error at  TKL 
 P Polarity weights:  1.00
  Total P polarity weight is  1.000   Total number:   1
 +++++++++++++++++++++++++++++++++++++++++++++++++++++++++++++++++++++++++++++

     Dip,Strike,Rake     87.42    94.93   -14.78
     Dip,Strike,Rake     75.23   185.61  -177.34   Auxiliary Plane
     Lower Hem. Trend, Plunge of A,N     95.61    14.77     4.93     2.58
     Lower Hem. Trend, Plunge of P,T     49.32    12.24   141.19     8.54
     B trend, B plunge, Angle:  265.26  75.00 100.00

 P Polarity error at  TKL 
 P Polarity weights:  1.00
  Total P polarity weight is  1.000   Total number:   1
 +++++++++++++++++++++++++++++++++++++++++++++++++++++++++++++++++++++++++++++

     Dip,Strike,Rake     86.16    99.77   -14.51
     Dip,Strike,Rake     75.52   190.77  -176.03   Auxiliary Plane
     Lower Hem. Trend, Plunge of A,N    100.77    14.48     9.77     3.84
     Lower Hem. Trend, Plunge of P,T     54.40    12.95   146.12     7.44
     B trend, B plunge, Angle:  265.26  75.00 105.00

 P Polarity error at  TKL 
 P Polarity weights:  1.00
  Total P polarity weight is  1.000   Total number:   1
 +++++++++++++++++++++++++++++++++++++++++++++++++++++++++++++++++++++++++++++

     Dip,Strike,Rake     87.42   274.54    14.78
     Dip,Strike,Rake     75.23   183.87   177.34   Auxiliary Plane
     Lower Hem. Trend, Plunge of A,N     93.87    14.77   184.54     2.58
     Lower Hem. Trend, Plunge of P,T     48.28     8.54   140.15    12.24
     B trend, B plunge, Angle:  284.21  75.00  80.00

 P Polarity error at  TKL 
 P Polarity weights:  1.00
  Total P polarity weight is  1.000   Total number:   1
 +++++++++++++++++++++++++++++++++++++++++++++++++++++++++++++++++++++++++++++

     Dip,Strike,Rake     88.71   279.38    14.95
     Dip,Strike,Rake     75.06   189.04   178.66   Auxiliary Plane
     Lower Hem. Trend, Plunge of A,N     99.04    14.94   189.38     1.29
     Lower Hem. Trend, Plunge of P,T     53.24     9.58   145.19    11.44
     B trend, B plunge, Angle:  284.21  75.00  85.00

 P Polarity error at  TKL 
 P Polarity weights:  1.00
  Total P polarity weight is  1.000   Total number:   1
 +++++++++++++++++++++++++++++++++++++++++++++++++++++++++++++++++++++++++++++

     Dip,Strike,Rake     82.56   274.01    13.06
     Dip,Strike,Rake     77.05   182.29   172.37   Auxiliary Plane
     Lower Hem. Trend, Plunge of A,N     92.29    12.95   184.01     7.44
     Lower Hem. Trend, Plunge of P,T     47.67     3.84   138.66    14.48
     B trend, B plunge, Angle:  303.16  75.00  60.00

 P Polarity error at  TKL 
 P Polarity weights:  1.00
  Total P polarity weight is  1.000   Total number:   1
 +++++++++++++++++++++++++++++++++++++++++++++++++++++++++++++++++++++++++++++

     Dip,Strike,Rake     83.72   278.91    13.65
     Dip,Strike,Rake     76.43   187.39   173.54   Auxiliary Plane
     Lower Hem. Trend, Plunge of A,N     97.39    13.57   188.91     6.28
     Lower Hem. Trend, Plunge of P,T     52.53     5.08   143.80    14.08
     B trend, B plunge, Angle:  303.16  75.00  65.00

 P Polarity error at  TKL 
 P Polarity weights:  1.00
  Total P polarity weight is  1.000   Total number:   1
 +++++++++++++++++++++++++++++++++++++++++++++++++++++++++++++++++++++++++++++

     Dip,Strike,Rake     78.56   273.09     9.77
     Dip,Strike,Rake     80.42   181.13   168.40   Auxiliary Plane
     Lower Hem. Trend, Plunge of A,N     91.13     9.58   183.09    11.44
     Lower Hem. Trend, Plunge of P,T    227.27     1.29   136.93    14.94
     B trend, B plunge, Angle:  322.11  75.00  40.00

 P Polarity error at  TKL 
 P Polarity weights:  1.00
  Total P polarity weight is  1.000   Total number:   1
 +++++++++++++++++++++++++++++++++++++++++++++++++++++++++++++++++++++++++++++

     Dip,Strike,Rake     79.45   278.10    10.73
     Dip,Strike,Rake     79.45   186.11   169.27   Auxiliary Plane
     Lower Hem. Trend, Plunge of A,N     96.11    10.55   188.10    10.55
     Lower Hem. Trend, Plunge of P,T    232.11     0.00   142.11    15.00
     B trend, B plunge, Angle:  322.11  75.00  45.00

 P Polarity error at  TKL 
 P Polarity weights:  1.00
  Total P polarity weight is  1.000   Total number:   1
 +++++++++++++++++++++++++++++++++++++++++++++++++++++++++++++++++++++++++++++

     Dip,Strike,Rake     76.43   276.82     6.46
     Dip,Strike,Rake     83.72   185.30   166.35   Auxiliary Plane
     Lower Hem. Trend, Plunge of A,N     95.30     6.28   186.82    13.57
     Lower Hem. Trend, Plunge of P,T    231.68     5.08   140.41    14.08
     B trend, B plunge, Angle:  341.05  75.00  25.00

 P Polarity error at  TKL 
 P Polarity weights:  1.00
  Total P polarity weight is  1.000   Total number:   1
 +++++++++++++++++++++++++++++++++++++++++++++++++++++++++++++++++++++++++++++

     Dip,Strike,Rake     80.15   280.15     1.75
     Dip,Strike,Rake     88.27   189.85   170.15   Auxiliary Plane
     Lower Hem. Trend, Plunge of A,N     99.85     1.73   190.15     9.85
     Lower Hem. Trend, Plunge of P,T    235.41     5.72   144.59     8.18
     B trend, B plunge, Angle:    0.00  80.00  10.00

 P Polarity error at  TKL 
 P Polarity weights:  1.00
  Total P polarity weight is  1.000   Total number:   1
 +++++++++++++++++++++++++++++++++++++++++++++++++++++++++++++++++++++++++++++

     Dip,Strike,Rake     80.04    98.77    -0.88
     Dip,Strike,Rake     89.13   188.92  -170.04   Auxiliary Plane
     Lower Hem. Trend, Plunge of A,N     98.92     0.87     8.77     9.96
     Lower Hem. Trend, Plunge of P,T     54.28     7.64   323.41     6.41
     B trend, B plunge, Angle:  193.85  80.00 175.00

 P Polarity error at  TKL 
 P Polarity weights:  1.00
  Total P polarity weight is  1.000   Total number:   1
 +++++++++++++++++++++++++++++++++++++++++++++++++++++++++++++++++++++++++++++

     Dip,Strike,Rake     81.82    96.13    -5.78
     Dip,Strike,Rake     84.28   186.95  -171.78   Auxiliary Plane
     Lower Hem. Trend, Plunge of A,N     96.95     5.72     6.13     8.18
     Lower Hem. Trend, Plunge of P,T     51.69     9.85   321.39     1.73
     B trend, B plunge, Angle:  221.54  80.00 145.00

 P Polarity error at  TKL 
 P Polarity weights:  1.00
  Total P polarity weight is  1.000   Total number:   1
 +++++++++++++++++++++++++++++++++++++++++++++++++++++++++++++++++++++++++++++

     Dip,Strike,Rake     85.79    93.90    -9.08
     Dip,Strike,Rake     80.95   184.57  -175.74   Auxiliary Plane
     Lower Hem. Trend, Plunge of A,N     94.57     9.05     3.90     4.21
     Lower Hem. Trend, Plunge of P,T     48.95     9.39   139.51     3.40
     B trend, B plunge, Angle:  249.23  80.00 115.00

 P Polarity error at  TKL 
 P Polarity weights:  1.00
  Total P polarity weight is  1.000   Total number:   1
 +++++++++++++++++++++++++++++++++++++++++++++++++++++++++++++++++++++++++++++

     Dip,Strike,Rake     85.02    98.85    -8.68
     Dip,Strike,Rake     81.35   189.61  -174.96   Auxiliary Plane
     Lower Hem. Trend, Plunge of A,N     99.61     8.65     8.85     4.98
     Lower Hem. Trend, Plunge of P,T     54.01     9.66   144.45     2.58
     B trend, B plunge, Angle:  249.23  80.00 120.00

 P Polarity error at  TKL 
 P Polarity weights:  1.00
  Total P polarity weight is  1.000   Total number:   1
 +++++++++++++++++++++++++++++++++++++++++++++++++++++++++++++++++++++++++++++

     Dip,Strike,Rake     89.13   272.00     9.96
     Dip,Strike,Rake     80.04   181.85   179.12   Auxiliary Plane
     Lower Hem. Trend, Plunge of A,N     91.85     9.96   182.00     0.87
     Lower Hem. Trend, Plunge of P,T     46.49     6.41   137.36     7.64
     B trend, B plunge, Angle:  276.92  80.00  85.00

 P Polarity error at  TKL 
 P Polarity weights:  1.00
  Total P polarity weight is  1.000   Total number:   1
 +++++++++++++++++++++++++++++++++++++++++++++++++++++++++++++++++++++++++++++

     Dip,Strike,Rake     90.00   276.92    10.00
     Dip,Strike,Rake     80.00   186.92   180.00   Auxiliary Plane
     Lower Hem. Trend, Plunge of A,N     96.92    10.00     6.92     0.00
     Lower Hem. Trend, Plunge of P,T     51.48     7.05   142.36     7.05
     B trend, B plunge, Angle:  276.92  80.00  90.00

 P Polarity error at  TKL 
 P Polarity weights:  1.00
  Total P polarity weight is  1.000   Total number:   1
 +++++++++++++++++++++++++++++++++++++++++++++++++++++++++++++++++++++++++++++

     Dip,Strike,Rake     85.02   274.99     8.68
     Dip,Strike,Rake     81.35   184.23   174.96   Auxiliary Plane
     Lower Hem. Trend, Plunge of A,N     94.23     8.65   184.99     4.98
     Lower Hem. Trend, Plunge of P,T     49.40     2.58   139.84     9.66
     B trend, B plunge, Angle:  304.62  80.00  60.00

 P Polarity error at  TKL 
 P Polarity weights:  1.00
  Total P polarity weight is  1.000   Total number:   1
 +++++++++++++++++++++++++++++++++++++++++++++++++++++++++++++++++++++++++++++

     Dip,Strike,Rake     85.79   279.95     9.08
     Dip,Strike,Rake     80.95   189.28   175.74   Auxiliary Plane
     Lower Hem. Trend, Plunge of A,N     99.28     9.05   189.95     4.21
     Lower Hem. Trend, Plunge of P,T     54.34     3.40   144.90     9.39
     B trend, B plunge, Angle:  304.62  80.00  65.00

 P Polarity error at  TKL 
 P Polarity weights:  1.00
  Total P polarity weight is  1.000   Total number:   1
 +++++++++++++++++++++++++++++++++++++++++++++++++++++++++++++++++++++++++++++

     Dip,Strike,Rake     81.35   272.69     5.04
     Dip,Strike,Rake     85.02   181.93   171.32   Auxiliary Plane
     Lower Hem. Trend, Plunge of A,N     91.93     4.98   182.69     8.65
     Lower Hem. Trend, Plunge of P,T    227.53     2.58   137.09     9.66
     B trend, B plunge, Angle:  332.31  80.00  30.00

 P Polarity error at  TKL 
 P Polarity weights:  1.00
  Total P polarity weight is  1.000   Total number:   1
 +++++++++++++++++++++++++++++++++++++++++++++++++++++++++++++++++++++++++++++

     Dip,Strike,Rake     81.82   277.72     5.78
     Dip,Strike,Rake     84.28   186.90   171.78   Auxiliary Plane
     Lower Hem. Trend, Plunge of A,N     96.90     5.72   187.72     8.18
     Lower Hem. Trend, Plunge of P,T    232.46     1.73   142.16     9.85
     B trend, B plunge, Angle:  332.31  80.00  35.00

 P Polarity error at  TKL 
 P Polarity weights:  1.00
  Total P polarity weight is  1.000   Total number:   1
 +++++++++++++++++++++++++++++++++++++++++++++++++++++++++++++++++++++++++++++

     Dip,Strike,Rake     85.08   280.04     0.87
     Dip,Strike,Rake     89.13   189.96   175.08   Auxiliary Plane
     Lower Hem. Trend, Plunge of A,N     99.96     0.87   190.04     4.92
     Lower Hem. Trend, Plunge of P,T    235.10     2.87   144.90     4.09
     B trend, B plunge, Angle:    0.00  85.00  10.00

 P Polarity error at  TKL 
 P Polarity weights:  1.00
  Total P polarity weight is  1.000   Total number:   1
 +++++++++++++++++++++++++++++++++++++++++++++++++++++++++++++++++++++++++++++

     Dip,Strike,Rake     87.13    94.90    -4.10
     Dip,Strike,Rake     85.91   185.10  -177.13   Auxiliary Plane
     Lower Hem. Trend, Plunge of A,N     95.10     4.09     4.90     2.87
     Lower Hem. Trend, Plunge of P,T     49.96     4.92   140.04     0.87
     B trend, B plunge, Angle:  240.00  85.00 125.00

 P Polarity error at  TKL 
 P Polarity weights:  1.00
  Total P polarity weight is  1.000   Total number:   1
 +++++++++++++++++++++++++++++++++++++++++++++++++++++++++++++++++++++++++++++

     Dip,Strike,Rake     86.79    99.89    -3.83
     Dip,Strike,Rake     86.17   190.11  -176.78   Auxiliary Plane
     Lower Hem. Trend, Plunge of A,N    100.11     3.83     9.89     3.21
     Lower Hem. Trend, Plunge of P,T     54.98     4.98   145.02     0.44
     B trend, B plunge, Angle:  240.00  85.00 130.00

 P Polarity error at  TKL 
 P Polarity weights:  1.00
  Total P polarity weight is  1.000   Total number:   1
 +++++++++++++++++++++++++++++++++++++++++++++++++++++++++++++++++++++++++++++

     Dip,Strike,Rake     87.89   275.08     4.53
     Dip,Strike,Rake     85.47   184.92   177.88   Auxiliary Plane
     Lower Hem. Trend, Plunge of A,N     94.92     4.53   185.08     2.11
     Lower Hem. Trend, Plunge of P,T     49.93     1.71   140.07     4.70
     B trend, B plunge, Angle:  300.00  85.00  65.00

 P Polarity error at  TKL 
 P Polarity weights:  1.00
  Total P polarity weight is  1.000   Total number:   1
 +++++++++++++++++++++++++++++++++++++++++++++++++++++++++++++++++++++++++++++

     Dip,Strike,Rake     88.29   280.07     4.70
     Dip,Strike,Rake     85.30   189.93   178.29   Auxiliary Plane
     Lower Hem. Trend, Plunge of A,N     99.93     4.70   190.07     1.71
     Lower Hem. Trend, Plunge of P,T     54.92     2.11   145.08     4.53
     B trend, B plunge, Angle:  300.00  85.00  70.00

 P Polarity error at  TKL 
 P Polarity weights:  1.00
  Total P polarity weight is  1.000   Total number:   1
 +++++++++++++++++++++++++++++++++++++++++++++++++++++++++++++++++++++++++++++

     Dip,Strike,Rake     90.00   280.00    -0.00
     Dip,Strike,Rake     90.00   190.00   180.00   Auxiliary Plane
     Lower Hem. Trend, Plunge of A,N    280.00     0.00    10.00     0.00
     Lower Hem. Trend, Plunge of P,T    235.00     0.00   325.00     0.00
     B trend, B plunge, Angle:    0.00  90.00  10.00

 P Polarity error at  TKL 
 P Polarity weights:  1.00
  Total P polarity weight is  1.000   Total number:   1
 +++++++++++++++++++++++++++++++++++++++++++++++++++++++++++++++++++++++++++++


 There are 168 acceptable solutions
