  Mon May 29 17:56:58 2017 for program Focmec
 Event 8703270729 4 UW errors max
 Input from a file 8703270729.inp
 Chapman et al. 1997 Event 12: 8703270729305.  Emergent coded

 Statn  Azimuth    TOA   Key  Log10 Ratio  NumPol  DenTOA  Comment
  GBTN     9.0    148.0   C                                iP
  ETT    218.0    118.0   D                                 P
  ORT    350.0    114.0   C                                iP
  TKL     76.0    109.0   C                                iP
  TQTN   264.0    110.0   D                                 P
  WSSR   118.0    102.0   C                                iP
  BHT    296.0    101.0   +                                eP
 Including emergent polarity picks
  WMTN   243.0    100.0   D                                 P
  CRTN    26.0     99.0   D                                iP
  RHT    228.0     99.0   D                                ip
  LMTN    64.0     98.0   D                                iP
  BBG    153.0     98.0   C                                 P
  GMG    207.0     97.0   D                                 P
  ONTN   349.0     96.0   C                                iP
  ANTN   307.0     80.0   C                                iP
  RCG    238.0     80.0   D                                iP 4
  CPO    272.0     80.0   D                                ip 4
  CCVA    24.0     80.0   D                                 P
  SMTN    46.0     80.0   -                                eP
  BRTN    54.0     80.0   -                                eP
  PDTN   258.0     80.0   D                                 P
  LKGA   228.0     80.0   D                                 P
  ABTN   282.0     80.0   C                                 P
  TRYN   101.0     80.0   C                                ip 4
  SLTN    62.0     53.0   -                                eP
  GFM     74.0     53.0   -                                eP
  BENN    89.0     53.0   -                                eP
  MSAL   251.0     53.0   -                                eP
  SHTN   268.0     53.0   -                                eP
  SOKY   325.0     53.0   -                                eP
  PKNC    78.0     53.0   -                                eP
  PLVA    65.0     53.0   -                                eP
  PKKY    18.0     53.0   D                                iP 4
  PWLA   261.0     53.0   +                                eP
  MOTN   290.0     53.0   +                                eP
  HWV     52.0     53.0   +                                eP
  VWV     57.0     53.0   +                                eP 4
 Polarities/Errors:  P 037/04  SV 000/00  SH 000/00
 There are no amplitude ratio data
 The minimum, increment and maximum B axis trend:     0.00    5.00  355.00
 The limits for the B axis plunge:     0.00    5.00   90.00
 The limits for Angle:     0.00    5.00  175.00
 ++++++++++++++++++++++++++++++++++++++++++++++++++++++++++++++++++++++++++++

     Dip,Strike,Rake     90.00   274.91    50.00
     Dip,Strike,Rake     40.00   184.91   180.00   Auxiliary Plane
     Lower Hem. Trend, Plunge of A,N     94.91    50.00     4.91     0.00
     Lower Hem. Trend, Plunge of P,T     37.64    32.80   152.18    32.80
     B trend, B plunge, Angle:  274.91  40.00  90.00

 P Polarity error at  TKL  PWLA HWV  VWV 
 P Polarity weights:  1.00 1.00 1.00 1.00
  Total P polarity weight is  4.000   Total number:   4
 +++++++++++++++++++++++++++++++++++++++++++++++++++++++++++++++++++++++++++++

     Dip,Strike,Rake     82.36   274.99    49.57
     Dip,Strike,Rake     41.03   176.11   168.31   Auxiliary Plane
     Lower Hem. Trend, Plunge of A,N     86.11    48.97   184.99     7.64
     Lower Hem. Trend, Plunge of P,T     35.69    26.06   148.90    38.87
     B trend, B plunge, Angle:  281.45  40.00  80.00

 P Polarity error at  TKL  PWLA HWV  VWV 
 P Polarity weights:  1.00 1.00 1.00 1.00
  Total P polarity weight is  4.000   Total number:   4
 +++++++++++++++++++++++++++++++++++++++++++++++++++++++++++++++++++++++++++++

     Dip,Strike,Rake     86.17   278.24    49.89
     Dip,Strike,Rake     40.26   183.70   174.07   Auxiliary Plane
     Lower Hem. Trend, Plunge of A,N     93.70    49.74   188.24     3.83
     Lower Hem. Trend, Plunge of P,T     39.80    29.50   154.00    35.93
     B trend, B plunge, Angle:  281.45  40.00  85.00

 P Polarity error at  TKL  PWLA HWV  VWV 
 P Polarity weights:  1.00 1.00 1.00 1.00
  Total P polarity weight is  4.000   Total number:   4
 +++++++++++++++++++++++++++++++++++++++++++++++++++++++++++++++++++++++++++++

     Dip,Strike,Rake     78.56   278.23    49.02
     Dip,Strike,Rake     42.27   175.37   162.86   Auxiliary Plane
     Lower Hem. Trend, Plunge of A,N     85.37    47.73   188.23    11.44
     Lower Hem. Trend, Plunge of P,T     38.36    22.52   149.93    41.56
     B trend, B plunge, Angle:  288.00  40.00  75.00

 P Polarity error at  TKL  PWLA HWV  VWV 
 P Polarity weights:  1.00 1.00 1.00 1.00
  Total P polarity weight is  4.000   Total number:   4
 +++++++++++++++++++++++++++++++++++++++++++++++++++++++++++++++++++++++++++++

     Dip,Strike,Rake     86.47   271.75    44.89
     Dip,Strike,Rake     45.22   178.24   175.02   Auxiliary Plane
     Lower Hem. Trend, Plunge of A,N     88.24    44.78   181.75     3.53
     Lower Hem. Trend, Plunge of P,T     35.98    27.03   145.17    32.80
     B trend, B plunge, Angle:  275.29  45.00  85.00

 P Polarity error at  TKL  PWLA HWV  VWV 
 P Polarity weights:  1.00 1.00 1.00 1.00
  Total P polarity weight is  4.000   Total number:   4
 +++++++++++++++++++++++++++++++++++++++++++++++++++++++++++++++++++++++++++++

     Dip,Strike,Rake     90.00   275.29    45.00
     Dip,Strike,Rake     45.00   185.29   180.00   Auxiliary Plane
     Lower Hem. Trend, Plunge of A,N     95.29    45.00     5.29     0.00
     Lower Hem. Trend, Plunge of P,T    180.00    90.00   180.00    90.00
     B trend, B plunge, Angle:  275.29  45.00  90.00

 P Polarity error at  TKL  PWLA HWV  VWV 
 P Polarity weights:  1.00 1.00 1.00 1.00
  Total P polarity weight is  4.000   Total number:   4
 +++++++++++++++++++++++++++++++++++++++++++++++++++++++++++++++++++++++++++++

     Dip,Strike,Rake     86.47    98.83   -44.89
     Dip,Strike,Rake     45.22   192.35  -175.02   Auxiliary Plane
     Lower Hem. Trend, Plunge of A,N    102.35    44.78     8.83     3.53
     Lower Hem. Trend, Plunge of P,T     45.41    32.80   154.61    27.03
     B trend, B plunge, Angle:  275.29  45.00  95.00

 P Polarity error at  TKL  PWLA HWV  VWV 
 P Polarity weights:  1.00 1.00 1.00 1.00
  Total P polarity weight is  4.000   Total number:   4
 +++++++++++++++++++++++++++++++++++++++++++++++++++++++++++++++++++++++++++++

     Dip,Strike,Rake     82.95   275.25    44.56
     Dip,Strike,Rake     45.86   178.35   170.15   Auxiliary Plane
     Lower Hem. Trend, Plunge of A,N     88.35    44.14   185.25     7.05
     Lower Hem. Trend, Plunge of P,T     38.69    23.93   147.07    35.40
     B trend, B plunge, Angle:  282.35  45.00  80.00

 P Polarity error at  TKL  PWLA HWV  VWV 
 P Polarity weights:  1.00 1.00 1.00 1.00
  Total P polarity weight is  4.000   Total number:   4
 +++++++++++++++++++++++++++++++++++++++++++++++++++++++++++++++++++++++++++++

     Dip,Strike,Rake     86.47   278.81    44.89
     Dip,Strike,Rake     45.22   185.30   175.02   Auxiliary Plane
     Lower Hem. Trend, Plunge of A,N     95.30    44.78   188.81     3.53
     Lower Hem. Trend, Plunge of P,T     43.04    27.03   152.23    32.80
     B trend, B plunge, Angle:  282.35  45.00  85.00

 P Polarity error at  TKL  PWLA HWV  VWV 
 P Polarity weights:  1.00 1.00 1.00 1.00
  Total P polarity weight is  4.000   Total number:   4
 +++++++++++++++++++++++++++++++++++++++++++++++++++++++++++++++++++++++++++++

     Dip,Strike,Rake     79.45   278.68    44.01
     Dip,Strike,Rake     46.92   178.66   165.49   Auxiliary Plane
     Lower Hem. Trend, Plunge of A,N     88.66    43.08   188.68    10.55
     Lower Hem. Trend, Plunge of P,T     41.62    20.70   148.64    37.76
     B trend, B plunge, Angle:  289.41  45.00  75.00

 P Polarity error at  TKL  PWLA HWV  VWV 
 P Polarity weights:  1.00 1.00 1.00 1.00
  Total P polarity weight is  4.000   Total number:   4
 +++++++++++++++++++++++++++++++++++++++++++++++++++++++++++++++++++++++++++++

     Dip,Strike,Rake     90.00   273.91    40.00
     Dip,Strike,Rake     50.00   183.91   180.00   Auxiliary Plane
     Lower Hem. Trend, Plunge of A,N     93.91    40.00     3.91     0.00
     Lower Hem. Trend, Plunge of P,T     41.37    27.03   146.46    27.03
     B trend, B plunge, Angle:  273.91  50.00  90.00

 P Polarity error at  TKL  PWLA HWV  VWV 
 P Polarity weights:  1.00 1.00 1.00 1.00
  Total P polarity weight is  4.000   Total number:   4
 +++++++++++++++++++++++++++++++++++++++++++++++++++++++++++++++++++++++++++++

     Dip,Strike,Rake     83.59   274.05    39.57
     Dip,Strike,Rake     50.73   178.78   171.71   Auxiliary Plane
     Lower Hem. Trend, Plunge of A,N     88.78    39.27   184.05     6.41
     Lower Hem. Trend, Plunge of P,T     39.95    21.63   144.17    31.77
     B trend, B plunge, Angle:  281.74  50.00  80.00

 P Polarity error at  TKL  PWLA HWV  VWV 
 P Polarity weights:  1.00 1.00 1.00 1.00
  Total P polarity weight is  4.000   Total number:   4
 +++++++++++++++++++++++++++++++++++++++++++++++++++++++++++++++++++++++++++++

     Dip,Strike,Rake     80.42   277.97    39.03
     Dip,Strike,Rake     51.62   180.29   167.75   Auxiliary Plane
     Lower Hem. Trend, Plunge of A,N     90.29    38.38   187.97     9.58
     Lower Hem. Trend, Plunge of P,T     43.42    18.75   146.57    33.83
     B trend, B plunge, Angle:  289.57  50.00  75.00

 P Polarity error at  TKL  PWLA HWV  VWV 
 P Polarity weights:  1.00 1.00 1.00 1.00
  Total P polarity weight is  4.000   Total number:   4
 +++++++++++++++++++++++++++++++++++++++++++++++++++++++++++++++++++++++++++++


 There are  13 acceptable solutions
