  Mon May 29 19:05:33 2017 for program Focmec
 Event 8703270729 1.75 relative weighted errors
 Input from a file 8703270729.inp
 Chapman et al. 1997 Event 12: 8703270729305.  Emergent coded

 Statn  Azimuth    TOA   Key  Log10 Ratio  NumPol  DenTOA  Comment
  GBTN     9.0    148.0   C                                iP
  ETT    218.0    118.0   D                                 P
  ORT    350.0    114.0   C                                iP
  TKL     76.0    109.0   C                                iP
  TQTN   264.0    110.0   D                                 P
  WSSR   118.0    102.0   C                                iP
  BHT    296.0    101.0   +                                eP
 Including emergent polarity picks
  WMTN   243.0    100.0   D                                 P
  CRTN    26.0     99.0   D                                iP
  RHT    228.0     99.0   D                                ip
  LMTN    64.0     98.0   D                                iP
  BBG    153.0     98.0   C                                 P
  GMG    207.0     97.0   D                                 P
  ONTN   349.0     96.0   C                                iP
  ANTN   307.0     80.0   C                                iP
  RCG    238.0     80.0   D                                iP 4
  CPO    272.0     80.0   D                                ip 4
  CCVA    24.0     80.0   D                                 P
  SMTN    46.0     80.0   -                                eP
  BRTN    54.0     80.0   -                                eP
  PDTN   258.0     80.0   D                                 P
  LKGA   228.0     80.0   D                                 P
  ABTN   282.0     80.0   C                                 P
  TRYN   101.0     80.0   C                                ip 4
  SLTN    62.0     53.0   -                                eP
  GFM     74.0     53.0   -                                eP
  BENN    89.0     53.0   -                                eP
  MSAL   251.0     53.0   -                                eP
  SHTN   268.0     53.0   -                                eP
  SOKY   325.0     53.0   -                                eP
  PKNC    78.0     53.0   -                                eP
  PLVA    65.0     53.0   -                                eP
  PKKY    18.0     53.0   D                                iP 4
  PWLA   261.0     53.0   +                                eP
  MOTN   290.0     53.0   +                                eP
  HWV     52.0     53.0   +                                eP
  VWV     57.0     53.0   +                                eP 4
 Polarities/Errors:  P 037/ 1.8  SV 000/ 0.0  SH 000/ 0.0
 There are no amplitude ratio data
 The minimum, increment and maximum B axis trend:     0.00    5.00  355.00
 The limits for the B axis plunge:     0.00    5.00   90.00
 The limits for Angle:     0.00    5.00  175.00
 ++++++++++++++++++++++++++++++++++++++++++++++++++++++++++++++++++++++++++++

     Dip,Strike,Rake     72.77   280.01    58.43
     Dip,Strike,Rake     35.53   164.27   149.36   Auxiliary Plane
     Lower Hem. Trend, Plunge of A,N     74.27    54.47   190.01    17.23
     Lower Hem. Trend, Plunge of P,T     33.45    21.47   153.33    51.71
     B trend, B plunge, Angle:  290.32  30.00  70.00

 P Polarity error at  TKL  BBG  ABTN BENN MSAL SHTN HWV  VWV 
 P Polarity weights:  0.26 0.00 0.01 0.06 0.03 0.03 0.71 0.64
  Total P polarity weight is  1.748   Total number:   8
 +++++++++++++++++++++++++++++++++++++++++++++++++++++++++++++++++++++++++++++

     Dip,Strike,Rake     81.82   268.80    54.59
     Dip,Strike,Rake     36.22   167.49   166.07   Auxiliary Plane
     Lower Hem. Trend, Plunge of A,N     77.49    53.78   178.80     8.18
     Lower Hem. Trend, Plunge of P,T     26.46    28.02   145.25    42.15
     B trend, B plunge, Angle:  274.58  35.00  80.00

 P Polarity error at  TKL  CPO  BENN MSAL SHTN MOTN HWV  VWV 
 P Polarity weights:  0.15 0.03 0.17 0.01 0.00 0.04 0.71 0.61
  Total P polarity weight is  1.714   Total number:   8
 +++++++++++++++++++++++++++++++++++++++++++++++++++++++++++++++++++++++++++++

     Dip,Strike,Rake     77.76   271.94    54.06
     Dip,Strike,Rake     37.70   165.64   159.71   Auxiliary Plane
     Lower Hem. Trend, Plunge of A,N     75.64    52.30   181.94    12.24
     Lower Hem. Trend, Plunge of P,T     29.00    24.18   145.87    45.19
     B trend, B plunge, Angle:  280.68  35.00  75.00

 P Polarity error at  TKL  BENN PWLA MOTN HWV  VWV 
 P Polarity weights:  0.21 0.17 0.01 0.02 0.69 0.60
  Total P polarity weight is  1.685   Total number:   6
 +++++++++++++++++++++++++++++++++++++++++++++++++++++++++++++++++++++++++++++

     Dip,Strike,Rake     73.73   274.99    53.31
     Dip,Strike,Rake     39.67   164.38   153.97   Auxiliary Plane
     Lower Hem. Trend, Plunge of A,N     74.38    50.33   184.99    16.27
     Lower Hem. Trend, Plunge of P,T     31.75    20.25   145.89    47.94
     B trend, B plunge, Angle:  286.78  35.00  70.00

 P Polarity error at  TKL  BENN PWLA MOTN HWV  VWV 
 P Polarity weights:  0.27 0.17 0.03 0.00 0.66 0.58
  Total P polarity weight is  1.714   Total number:   6
 +++++++++++++++++++++++++++++++++++++++++++++++++++++++++++++++++++++++++++++


 There are   4 acceptable solutions
