  Mon May 29 19:53:53 2017 for program Focplt
 Input from file 8703270729.inp
     C
 Statn  Azimuth  TOAngl  Key  Log10 Ratio     Pol  TOAng2  Comment
  GBTN     9.0    148.0   C
  ETT    218.0    118.0   D
  ORT    350.0    114.0   C
  TKL     76.0    109.0   C
  TQTN   264.0    110.0   D
  WSSR   118.0    102.0   C
  BHT    296.0    101.0   +
  WMTN   243.0    100.0   D
  CRTN    26.0     99.0   D
  RHT    228.0     99.0   D
  LMTN    64.0     98.0   D
  BBG    153.0     98.0   C
  GMG    207.0     97.0   D
  ONTN   349.0     96.0   C
  ANTN   307.0     80.0   C
  RCG    238.0     80.0   D
  CPO    272.0     80.0   D
  CCVA    24.0     80.0   D
  SMTN    46.0     80.0   -
  BRTN    54.0     80.0   -
  PDTN   258.0     80.0   D
  LKGA   228.0     80.0   D
  ABTN   282.0     80.0   C
  TRYN   101.0     80.0   C
  SLTN    62.0     53.0   -
  GFM     74.0     53.0   -
  BENN    89.0     53.0   -
  MSAL   251.0     53.0   -
  SHTN   268.0     53.0   -
  SOKY   325.0     53.0   -
  PKNC    78.0     53.0   -
  PLVA    65.0     53.0   -
  PKKY    18.0     53.0   D
  PWLA   261.0     53.0   +
  MOTN   290.0     53.0   +
  HWV     52.0     53.0   +
  VWV     57.0     53.0   +
 Plotting P nodal planes
 
 
     Dip,Strike,Rake     82.95   275.25    44.56
     Dip,Strike,Rake     45.87   178.36   170.15   Auxiliary Plane
     Lower Hem. Trend, Plunge of A,N     88.36    44.13   185.25     7.05
     Lower Hem. Trend & Plunge of B    282.35    45.00
     Lower Hem. Trend, Plunge of P,T     38.70    23.93   147.08    35.39
     MRR = 0.17  MTT =-0.04  MPP =-0.13  MRT =-0.69  MRP =-0.02  MTP = 0.71
 Plotting P nodal planes
 
 
     Dip,Strike,Rake     77.76   271.94    54.06
     Dip,Strike,Rake     37.70   165.64   159.72   Auxiliary Plane
     Lower Hem. Trend, Plunge of A,N     75.64    52.30   181.94    12.24
     Lower Hem. Trend & Plunge of B    280.68    35.00
     Lower Hem. Trend, Plunge of P,T     29.00    24.18   145.86    45.19
     MRR = 0.34  MTT =-0.30  MPP =-0.04  MRT =-0.74  MRP =-0.10  MTP = 0.58
